esp8266_test.cpp:26:7:virtual void TEST_GROUP_CppUTestGroupRingBuffer_Test_Group::setup()	16	static
esp8266_test.cpp:33:7:virtual void TEST_GROUP_CppUTestGroupRingBuffer_Test_Group::teardown()	16	static
esp8266_test.cpp:21:1:TEST_GROUP_CppUTestGroupRingBuffer_Test_Group::TEST_GROUP_CppUTestGroupRingBuffer_Test_Group()	16	static
esp8266_test.cpp:21:1:TEST_GROUP_CppUTestGroupRingBuffer_Test_Group::~TEST_GROUP_CppUTestGroupRingBuffer_Test_Group()	16	static
esp8266_test.cpp:21:1:virtual TEST_GROUP_CppUTestGroupRingBuffer_Test_Group::~TEST_GROUP_CppUTestGroupRingBuffer_Test_Group()	16	static
esp8266_test.cpp:41:1:TEST_RingBuffer_Test_Group_InitTest_Test::TEST_RingBuffer_Test_Group_InitTest_Test()	16	static
esp8266_test.cpp:41:1:virtual Utest* TEST_RingBuffer_Test_Group_InitTest_TestShell::createTest()	24	static
esp8266_test.cpp:41:1:TEST_RingBuffer_Test_Group_InitTest_TestShell::TEST_RingBuffer_Test_Group_InitTest_TestShell()	16	static
esp8266_test.cpp:41:1:virtual void TEST_RingBuffer_Test_Group_InitTest_Test::testBody()	48	static
esp8266_test.cpp:51:1:TEST_RingBuffer_Test_Group_PushDataTests_Test::TEST_RingBuffer_Test_Group_PushDataTests_Test()	16	static
esp8266_test.cpp:51:1:virtual Utest* TEST_RingBuffer_Test_Group_PushDataTests_TestShell::createTest()	24	static
esp8266_test.cpp:51:1:TEST_RingBuffer_Test_Group_PushDataTests_TestShell::TEST_RingBuffer_Test_Group_PushDataTests_TestShell()	16	static
esp8266_test.cpp:51:1:virtual void TEST_RingBuffer_Test_Group_PushDataTests_Test::testBody()	48	static
esp8266_test.cpp:61:1:TEST_RingBuffer_Test_Group_BufferOverflowTest_Test::TEST_RingBuffer_Test_Group_BufferOverflowTest_Test()	16	static
esp8266_test.cpp:61:1:virtual Utest* TEST_RingBuffer_Test_Group_BufferOverflowTest_TestShell::createTest()	24	static
esp8266_test.cpp:61:1:TEST_RingBuffer_Test_Group_BufferOverflowTest_TestShell::TEST_RingBuffer_Test_Group_BufferOverflowTest_TestShell()	16	static
esp8266_test.cpp:61:1:virtual void TEST_RingBuffer_Test_Group_BufferOverflowTest_Test::testBody()	56	static
esp8266_test.cpp:72:1:TEST_RingBuffer_Test_Group_PopDataTests_Test::TEST_RingBuffer_Test_Group_PopDataTests_Test()	16	static
esp8266_test.cpp:72:1:virtual Utest* TEST_RingBuffer_Test_Group_PopDataTests_TestShell::createTest()	24	static
esp8266_test.cpp:72:1:TEST_RingBuffer_Test_Group_PopDataTests_TestShell::TEST_RingBuffer_Test_Group_PopDataTests_TestShell()	16	static
esp8266_test.cpp:72:1:virtual void TEST_RingBuffer_Test_Group_PopDataTests_Test::testBody()	56	static
esp8266_test.cpp:81:1:TEST_RingBuffer_Test_Group_PopBufferOverFlowTest_Test::TEST_RingBuffer_Test_Group_PopBufferOverFlowTest_Test()	16	static
esp8266_test.cpp:81:1:virtual Utest* TEST_RingBuffer_Test_Group_PopBufferOverFlowTest_TestShell::createTest()	24	static
esp8266_test.cpp:81:1:TEST_RingBuffer_Test_Group_PopBufferOverFlowTest_TestShell::TEST_RingBuffer_Test_Group_PopBufferOverFlowTest_TestShell()	16	static
esp8266_test.cpp:81:1:virtual void TEST_RingBuffer_Test_Group_PopBufferOverFlowTest_Test::testBody()	56	static
esp8266_test.cpp:97:1:TEST_RingBuffer_Test_Group_BufferFlushTest_Test::TEST_RingBuffer_Test_Group_BufferFlushTest_Test()	16	static
esp8266_test.cpp:97:1:virtual Utest* TEST_RingBuffer_Test_Group_BufferFlushTest_TestShell::createTest()	24	static
esp8266_test.cpp:97:1:TEST_RingBuffer_Test_Group_BufferFlushTest_TestShell::TEST_RingBuffer_Test_Group_BufferFlushTest_TestShell()	16	static
esp8266_test.cpp:97:1:virtual void TEST_RingBuffer_Test_Group_BufferFlushTest_Test::testBody()	56	static
esp8266_test.cpp:118:1:TEST_RingBuffer_Test_Group_PushArrayTest_Test::TEST_RingBuffer_Test_Group_PushArrayTest_Test()	16	static
esp8266_test.cpp:118:1:virtual Utest* TEST_RingBuffer_Test_Group_PushArrayTest_TestShell::createTest()	24	static
esp8266_test.cpp:118:1:TEST_RingBuffer_Test_Group_PushArrayTest_TestShell::TEST_RingBuffer_Test_Group_PushArrayTest_TestShell()	16	static
esp8266_test.cpp:118:1:virtual void TEST_RingBuffer_Test_Group_PushArrayTest_Test::testBody()	48	static
esp8266_test.cpp:125:1:TEST_RingBuffer_Test_Group_LookForTest_Test::TEST_RingBuffer_Test_Group_LookForTest_Test()	16	static
esp8266_test.cpp:125:1:virtual Utest* TEST_RingBuffer_Test_Group_LookForTest_TestShell::createTest()	24	static
esp8266_test.cpp:125:1:TEST_RingBuffer_Test_Group_LookForTest_TestShell::TEST_RingBuffer_Test_Group_LookForTest_TestShell()	16	static
esp8266_test.cpp:125:1:virtual void TEST_RingBuffer_Test_Group_LookForTest_Test::testBody()	64	static
esp8266_test.cpp:133:1:TEST_RingBuffer_Test_Group_CapacityTest_Test::TEST_RingBuffer_Test_Group_CapacityTest_Test()	16	static
esp8266_test.cpp:133:1:virtual Utest* TEST_RingBuffer_Test_Group_CapacityTest_TestShell::createTest()	24	static
esp8266_test.cpp:133:1:TEST_RingBuffer_Test_Group_CapacityTest_TestShell::TEST_RingBuffer_Test_Group_CapacityTest_TestShell()	16	static
esp8266_test.cpp:133:1:virtual void TEST_RingBuffer_Test_Group_CapacityTest_Test::testBody()	48	static
esp8266_test.cpp:142:6:void UART_Transmit_Fake(uint8_t*)	48	static
esp8266_test.cpp:148:9:uint8_t UART_Receive_Fake()	32	static
esp8266_test.cpp:156:10:uint32_t getTick_Fake()	4	static
esp8266_test.cpp:173:7:virtual void TEST_GROUP_CppUTestGroupEspDriver_Test_Group::setup()	16	static
esp8266_test.cpp:182:7:virtual void TEST_GROUP_CppUTestGroupEspDriver_Test_Group::teardown()	32	static
esp8266_test.cpp:170:1:TEST_GROUP_CppUTestGroupEspDriver_Test_Group::TEST_GROUP_CppUTestGroupEspDriver_Test_Group()	16	static
esp8266_test.cpp:170:1:TEST_GROUP_CppUTestGroupEspDriver_Test_Group::~TEST_GROUP_CppUTestGroupEspDriver_Test_Group()	16	static
esp8266_test.cpp:170:1:virtual TEST_GROUP_CppUTestGroupEspDriver_Test_Group::~TEST_GROUP_CppUTestGroupEspDriver_Test_Group()	16	static
esp8266_test.cpp:192:1:TEST_EspDriver_Test_Group_Esp_Init_Test_Test::TEST_EspDriver_Test_Group_Esp_Init_Test_Test()	16	static
esp8266_test.cpp:192:1:virtual Utest* TEST_EspDriver_Test_Group_Esp_Init_Test_TestShell::createTest()	24	static
esp8266_test.cpp:192:1:TEST_EspDriver_Test_Group_Esp_Init_Test_TestShell::TEST_EspDriver_Test_Group_Esp_Init_Test_TestShell()	16	static
esp8266_test.cpp:192:1:virtual void TEST_EspDriver_Test_Group_Esp_Init_Test_Test::testBody()	48	static
esp8266_test.cpp:210:1:TEST_EspDriver_Test_Group_Send_AT_Command_Test_Test::TEST_EspDriver_Test_Group_Send_AT_Command_Test_Test()	16	static
esp8266_test.cpp:210:1:virtual Utest* TEST_EspDriver_Test_Group_Send_AT_Command_Test_TestShell::createTest()	24	static
esp8266_test.cpp:210:1:TEST_EspDriver_Test_Group_Send_AT_Command_Test_TestShell::TEST_EspDriver_Test_Group_Send_AT_Command_Test_TestShell()	16	static
esp8266_test.cpp:210:1:virtual void TEST_EspDriver_Test_Group_Send_AT_Command_Test_Test::testBody()	72	static
esp8266_test.cpp:222:1:TEST_EspDriver_Test_Group_UART_Receive_Handler_Test_Test::TEST_EspDriver_Test_Group_UART_Receive_Handler_Test_Test()	16	static
esp8266_test.cpp:222:1:virtual Utest* TEST_EspDriver_Test_Group_UART_Receive_Handler_Test_TestShell::createTest()	24	static
esp8266_test.cpp:222:1:TEST_EspDriver_Test_Group_UART_Receive_Handler_Test_TestShell::TEST_EspDriver_Test_Group_UART_Receive_Handler_Test_TestShell()	16	static
esp8266_test.cpp:222:1:virtual void TEST_EspDriver_Test_Group_UART_Receive_Handler_Test_Test::testBody()	80	static
esp8266_test.cpp:237:1:TEST_EspDriver_Test_Group_Read_Response_Test_Test::TEST_EspDriver_Test_Group_Read_Response_Test_Test()	16	static
esp8266_test.cpp:237:1:virtual Utest* TEST_EspDriver_Test_Group_Read_Response_Test_TestShell::createTest()	24	static
esp8266_test.cpp:237:1:TEST_EspDriver_Test_Group_Read_Response_Test_TestShell::TEST_EspDriver_Test_Group_Read_Response_Test_TestShell()	16	static
esp8266_test.cpp:237:1:virtual void TEST_EspDriver_Test_Group_Read_Response_Test_Test::testBody()	80	static
esp8266_test.cpp:254:1:TEST_EspDriver_Test_Group_Wait_Response_Timeout_Test_Test::TEST_EspDriver_Test_Group_Wait_Response_Timeout_Test_Test()	16	static
esp8266_test.cpp:254:1:virtual Utest* TEST_EspDriver_Test_Group_Wait_Response_Timeout_Test_TestShell::createTest()	24	static
esp8266_test.cpp:254:1:TEST_EspDriver_Test_Group_Wait_Response_Timeout_Test_TestShell::TEST_EspDriver_Test_Group_Wait_Response_Timeout_Test_TestShell()	16	static
esp8266_test.cpp:254:1:virtual void TEST_EspDriver_Test_Group_Wait_Response_Timeout_Test_Test::testBody()	56	static
esp8266_test.cpp:270:1:TEST_EspDriver_Test_Group_Wait_Response_Test_Test::TEST_EspDriver_Test_Group_Wait_Response_Test_Test()	16	static
esp8266_test.cpp:270:1:virtual Utest* TEST_EspDriver_Test_Group_Wait_Response_Test_TestShell::createTest()	24	static
esp8266_test.cpp:270:1:TEST_EspDriver_Test_Group_Wait_Response_Test_TestShell::TEST_EspDriver_Test_Group_Wait_Response_Test_TestShell()	16	static
esp8266_test.cpp:270:1:virtual void TEST_EspDriver_Test_Group_Wait_Response_Test_Test::testBody()	80	static
esp8266_test.cpp:292:1:TEST_EspDriver_Test_Group_Connect_Wifi_Timeout_Test_Test::TEST_EspDriver_Test_Group_Connect_Wifi_Timeout_Test_Test()	16	static
esp8266_test.cpp:292:1:virtual Utest* TEST_EspDriver_Test_Group_Connect_Wifi_Timeout_Test_TestShell::createTest()	24	static
esp8266_test.cpp:292:1:TEST_EspDriver_Test_Group_Connect_Wifi_Timeout_Test_TestShell::TEST_EspDriver_Test_Group_Connect_Wifi_Timeout_Test_TestShell()	16	static
esp8266_test.cpp:292:1:virtual void TEST_EspDriver_Test_Group_Connect_Wifi_Timeout_Test_Test::testBody()	80	static
esp8266_test.cpp:315:1:TEST_EspDriver_Test_Group_Connect_Wifi_Error_Test_Test::TEST_EspDriver_Test_Group_Connect_Wifi_Error_Test_Test()	16	static
esp8266_test.cpp:315:1:virtual Utest* TEST_EspDriver_Test_Group_Connect_Wifi_Error_Test_TestShell::createTest()	24	static
esp8266_test.cpp:315:1:TEST_EspDriver_Test_Group_Connect_Wifi_Error_Test_TestShell::TEST_EspDriver_Test_Group_Connect_Wifi_Error_Test_TestShell()	16	static
esp8266_test.cpp:315:1:virtual void TEST_EspDriver_Test_Group_Connect_Wifi_Error_Test_Test::testBody()	408	static
esp8266_test.cpp:359:1:TEST_EspDriver_Test_Group_Connect_Wifi_Test_Test::TEST_EspDriver_Test_Group_Connect_Wifi_Test_Test()	16	static
esp8266_test.cpp:359:1:virtual Utest* TEST_EspDriver_Test_Group_Connect_Wifi_Test_TestShell::createTest()	24	static
esp8266_test.cpp:359:1:TEST_EspDriver_Test_Group_Connect_Wifi_Test_TestShell::TEST_EspDriver_Test_Group_Connect_Wifi_Test_TestShell()	16	static
esp8266_test.cpp:359:1:virtual void TEST_EspDriver_Test_Group_Connect_Wifi_Test_Test::testBody()	408	static
esp8266_test.cpp:403:1:TEST_EspDriver_Test_Group_Disconnect_Wifi_Timeout_Test_Test::TEST_EspDriver_Test_Group_Disconnect_Wifi_Timeout_Test_Test()	16	static
esp8266_test.cpp:403:1:virtual Utest* TEST_EspDriver_Test_Group_Disconnect_Wifi_Timeout_Test_TestShell::createTest()	24	static
esp8266_test.cpp:403:1:TEST_EspDriver_Test_Group_Disconnect_Wifi_Timeout_Test_TestShell::TEST_EspDriver_Test_Group_Disconnect_Wifi_Timeout_Test_TestShell()	16	static
esp8266_test.cpp:403:1:virtual void TEST_EspDriver_Test_Group_Disconnect_Wifi_Timeout_Test_Test::testBody()	80	static
esp8266_test.cpp:421:1:TEST_EspDriver_Test_Group_Disconnect_Wifi_Test_Test::TEST_EspDriver_Test_Group_Disconnect_Wifi_Test_Test()	16	static
esp8266_test.cpp:421:1:virtual Utest* TEST_EspDriver_Test_Group_Disconnect_Wifi_Test_TestShell::createTest()	24	static
esp8266_test.cpp:421:1:TEST_EspDriver_Test_Group_Disconnect_Wifi_Test_TestShell::TEST_EspDriver_Test_Group_Disconnect_Wifi_Test_TestShell()	16	static
esp8266_test.cpp:421:1:virtual void TEST_EspDriver_Test_Group_Disconnect_Wifi_Test_Test::testBody()	96	static
esp8266_test.cpp:445:1:TEST_EspDriver_Test_Group_Command_Process_Test_Test::TEST_EspDriver_Test_Group_Command_Process_Test_Test()	16	static
esp8266_test.cpp:445:1:virtual Utest* TEST_EspDriver_Test_Group_Command_Process_Test_TestShell::createTest()	24	static
esp8266_test.cpp:445:1:TEST_EspDriver_Test_Group_Command_Process_Test_TestShell::TEST_EspDriver_Test_Group_Command_Process_Test_TestShell()	16	static
esp8266_test.cpp:445:1:virtual void TEST_EspDriver_Test_Group_Command_Process_Test_Test::testBody()	128	static
esp8266_test.cpp:489:1:TEST_EspDriver_Test_Group_Connect_TCP_Test_Test::TEST_EspDriver_Test_Group_Connect_TCP_Test_Test()	16	static
esp8266_test.cpp:489:1:virtual Utest* TEST_EspDriver_Test_Group_Connect_TCP_Test_TestShell::createTest()	24	static
esp8266_test.cpp:489:1:TEST_EspDriver_Test_Group_Connect_TCP_Test_TestShell::TEST_EspDriver_Test_Group_Connect_TCP_Test_TestShell()	16	static
esp8266_test.cpp:489:1:virtual void TEST_EspDriver_Test_Group_Connect_TCP_Test_Test::testBody()	216	static
esp8266_test.cpp:533:1:TEST_EspDriver_Test_Group_Connect_TCP_Timeout_Test_Test::TEST_EspDriver_Test_Group_Connect_TCP_Timeout_Test_Test()	16	static
esp8266_test.cpp:533:1:virtual Utest* TEST_EspDriver_Test_Group_Connect_TCP_Timeout_Test_TestShell::createTest()	24	static
esp8266_test.cpp:533:1:TEST_EspDriver_Test_Group_Connect_TCP_Timeout_Test_TestShell::TEST_EspDriver_Test_Group_Connect_TCP_Timeout_Test_TestShell()	16	static
esp8266_test.cpp:533:1:virtual void TEST_EspDriver_Test_Group_Connect_TCP_Timeout_Test_Test::testBody()	88	static
esp8266_test.cpp:560:1:TEST_EspDriver_Test_Group_Connect_TCP_Error_Test_Test::TEST_EspDriver_Test_Group_Connect_TCP_Error_Test_Test()	16	static
esp8266_test.cpp:560:1:virtual Utest* TEST_EspDriver_Test_Group_Connect_TCP_Error_Test_TestShell::createTest()	24	static
esp8266_test.cpp:560:1:TEST_EspDriver_Test_Group_Connect_TCP_Error_Test_TestShell::TEST_EspDriver_Test_Group_Connect_TCP_Error_Test_TestShell()	16	static
esp8266_test.cpp:560:1:virtual void TEST_EspDriver_Test_Group_Connect_TCP_Error_Test_Test::testBody()	216	static
esp8266_test.cpp:604:1:TEST_EspDriver_Test_Group_Disconnect_TCP_Test_Test::TEST_EspDriver_Test_Group_Disconnect_TCP_Test_Test()	16	static
esp8266_test.cpp:604:1:virtual Utest* TEST_EspDriver_Test_Group_Disconnect_TCP_Test_TestShell::createTest()	24	static
esp8266_test.cpp:604:1:TEST_EspDriver_Test_Group_Disconnect_TCP_Test_TestShell::TEST_EspDriver_Test_Group_Disconnect_TCP_Test_TestShell()	16	static
esp8266_test.cpp:604:1:virtual void TEST_EspDriver_Test_Group_Disconnect_TCP_Test_Test::testBody()	96	static
esp8266_test.cpp:629:1:TEST_EspDriver_Test_Group_Send_TCP_Message_Test_Test::TEST_EspDriver_Test_Group_Send_TCP_Message_Test_Test()	16	static
esp8266_test.cpp:629:1:virtual Utest* TEST_EspDriver_Test_Group_Send_TCP_Message_Test_TestShell::createTest()	24	static
esp8266_test.cpp:629:1:TEST_EspDriver_Test_Group_Send_TCP_Message_Test_TestShell::TEST_EspDriver_Test_Group_Send_TCP_Message_Test_TestShell()	16	static
esp8266_test.cpp:629:1:virtual void TEST_EspDriver_Test_Group_Send_TCP_Message_Test_Test::testBody()	224	static
esp8266_test.cpp:666:1:TEST_EspDriver_Test_Group_Read_TCP_Message_Test_Test::TEST_EspDriver_Test_Group_Read_TCP_Message_Test_Test()	16	static
esp8266_test.cpp:666:1:virtual Utest* TEST_EspDriver_Test_Group_Read_TCP_Message_Test_TestShell::createTest()	24	static
esp8266_test.cpp:666:1:TEST_EspDriver_Test_Group_Read_TCP_Message_Test_TestShell::TEST_EspDriver_Test_Group_Read_TCP_Message_Test_TestShell()	16	static
esp8266_test.cpp:666:1:virtual void TEST_EspDriver_Test_Group_Read_TCP_Message_Test_Test::testBody()	160	static
esp8266_test.cpp:688:1:TEST_EspDriver_Test_Group_Wait_TCP_Message_Timeout_Test_Test::TEST_EspDriver_Test_Group_Wait_TCP_Message_Timeout_Test_Test()	16	static
esp8266_test.cpp:688:1:virtual Utest* TEST_EspDriver_Test_Group_Wait_TCP_Message_Timeout_Test_TestShell::createTest()	24	static
esp8266_test.cpp:688:1:TEST_EspDriver_Test_Group_Wait_TCP_Message_Timeout_Test_TestShell::TEST_EspDriver_Test_Group_Wait_TCP_Message_Timeout_Test_TestShell()	16	static
esp8266_test.cpp:688:1:virtual void TEST_EspDriver_Test_Group_Wait_TCP_Message_Timeout_Test_Test::testBody()	104	static
esp8266_test.cpp:705:1:TEST_EspDriver_Test_Group_Wait_TCP_Message_Test_Test::TEST_EspDriver_Test_Group_Wait_TCP_Message_Test_Test()	16	static
esp8266_test.cpp:705:1:virtual Utest* TEST_EspDriver_Test_Group_Wait_TCP_Message_Test_TestShell::createTest()	24	static
esp8266_test.cpp:705:1:TEST_EspDriver_Test_Group_Wait_TCP_Message_Test_TestShell::TEST_EspDriver_Test_Group_Wait_TCP_Message_Test_TestShell()	16	static
esp8266_test.cpp:705:1:virtual void TEST_EspDriver_Test_Group_Wait_TCP_Message_Test_Test::testBody()	160	static
esp8266_test.cpp:705:1:TEST_EspDriver_Test_Group_Wait_TCP_Message_Test_TestShell::~TEST_EspDriver_Test_Group_Wait_TCP_Message_Test_TestShell()	16	static
esp8266_test.cpp:705:1:virtual TEST_EspDriver_Test_Group_Wait_TCP_Message_Test_TestShell::~TEST_EspDriver_Test_Group_Wait_TCP_Message_Test_TestShell()	16	static
esp8266_test.cpp:705:1:TEST_EspDriver_Test_Group_Wait_TCP_Message_Test_Test::~TEST_EspDriver_Test_Group_Wait_TCP_Message_Test_Test()	16	static
esp8266_test.cpp:705:1:virtual TEST_EspDriver_Test_Group_Wait_TCP_Message_Test_Test::~TEST_EspDriver_Test_Group_Wait_TCP_Message_Test_Test()	16	static
esp8266_test.cpp:688:1:TEST_EspDriver_Test_Group_Wait_TCP_Message_Timeout_Test_TestShell::~TEST_EspDriver_Test_Group_Wait_TCP_Message_Timeout_Test_TestShell()	16	static
esp8266_test.cpp:688:1:virtual TEST_EspDriver_Test_Group_Wait_TCP_Message_Timeout_Test_TestShell::~TEST_EspDriver_Test_Group_Wait_TCP_Message_Timeout_Test_TestShell()	16	static
esp8266_test.cpp:688:1:TEST_EspDriver_Test_Group_Wait_TCP_Message_Timeout_Test_Test::~TEST_EspDriver_Test_Group_Wait_TCP_Message_Timeout_Test_Test()	16	static
esp8266_test.cpp:688:1:virtual TEST_EspDriver_Test_Group_Wait_TCP_Message_Timeout_Test_Test::~TEST_EspDriver_Test_Group_Wait_TCP_Message_Timeout_Test_Test()	16	static
esp8266_test.cpp:666:1:TEST_EspDriver_Test_Group_Read_TCP_Message_Test_TestShell::~TEST_EspDriver_Test_Group_Read_TCP_Message_Test_TestShell()	16	static
esp8266_test.cpp:666:1:virtual TEST_EspDriver_Test_Group_Read_TCP_Message_Test_TestShell::~TEST_EspDriver_Test_Group_Read_TCP_Message_Test_TestShell()	16	static
esp8266_test.cpp:666:1:TEST_EspDriver_Test_Group_Read_TCP_Message_Test_Test::~TEST_EspDriver_Test_Group_Read_TCP_Message_Test_Test()	16	static
esp8266_test.cpp:666:1:virtual TEST_EspDriver_Test_Group_Read_TCP_Message_Test_Test::~TEST_EspDriver_Test_Group_Read_TCP_Message_Test_Test()	16	static
esp8266_test.cpp:629:1:TEST_EspDriver_Test_Group_Send_TCP_Message_Test_TestShell::~TEST_EspDriver_Test_Group_Send_TCP_Message_Test_TestShell()	16	static
esp8266_test.cpp:629:1:virtual TEST_EspDriver_Test_Group_Send_TCP_Message_Test_TestShell::~TEST_EspDriver_Test_Group_Send_TCP_Message_Test_TestShell()	16	static
esp8266_test.cpp:629:1:TEST_EspDriver_Test_Group_Send_TCP_Message_Test_Test::~TEST_EspDriver_Test_Group_Send_TCP_Message_Test_Test()	16	static
esp8266_test.cpp:629:1:virtual TEST_EspDriver_Test_Group_Send_TCP_Message_Test_Test::~TEST_EspDriver_Test_Group_Send_TCP_Message_Test_Test()	16	static
esp8266_test.cpp:604:1:TEST_EspDriver_Test_Group_Disconnect_TCP_Test_TestShell::~TEST_EspDriver_Test_Group_Disconnect_TCP_Test_TestShell()	16	static
esp8266_test.cpp:604:1:virtual TEST_EspDriver_Test_Group_Disconnect_TCP_Test_TestShell::~TEST_EspDriver_Test_Group_Disconnect_TCP_Test_TestShell()	16	static
esp8266_test.cpp:604:1:TEST_EspDriver_Test_Group_Disconnect_TCP_Test_Test::~TEST_EspDriver_Test_Group_Disconnect_TCP_Test_Test()	16	static
esp8266_test.cpp:604:1:virtual TEST_EspDriver_Test_Group_Disconnect_TCP_Test_Test::~TEST_EspDriver_Test_Group_Disconnect_TCP_Test_Test()	16	static
esp8266_test.cpp:560:1:TEST_EspDriver_Test_Group_Connect_TCP_Error_Test_TestShell::~TEST_EspDriver_Test_Group_Connect_TCP_Error_Test_TestShell()	16	static
esp8266_test.cpp:560:1:virtual TEST_EspDriver_Test_Group_Connect_TCP_Error_Test_TestShell::~TEST_EspDriver_Test_Group_Connect_TCP_Error_Test_TestShell()	16	static
esp8266_test.cpp:560:1:TEST_EspDriver_Test_Group_Connect_TCP_Error_Test_Test::~TEST_EspDriver_Test_Group_Connect_TCP_Error_Test_Test()	16	static
esp8266_test.cpp:560:1:virtual TEST_EspDriver_Test_Group_Connect_TCP_Error_Test_Test::~TEST_EspDriver_Test_Group_Connect_TCP_Error_Test_Test()	16	static
esp8266_test.cpp:533:1:TEST_EspDriver_Test_Group_Connect_TCP_Timeout_Test_TestShell::~TEST_EspDriver_Test_Group_Connect_TCP_Timeout_Test_TestShell()	16	static
esp8266_test.cpp:533:1:virtual TEST_EspDriver_Test_Group_Connect_TCP_Timeout_Test_TestShell::~TEST_EspDriver_Test_Group_Connect_TCP_Timeout_Test_TestShell()	16	static
esp8266_test.cpp:533:1:TEST_EspDriver_Test_Group_Connect_TCP_Timeout_Test_Test::~TEST_EspDriver_Test_Group_Connect_TCP_Timeout_Test_Test()	16	static
esp8266_test.cpp:533:1:virtual TEST_EspDriver_Test_Group_Connect_TCP_Timeout_Test_Test::~TEST_EspDriver_Test_Group_Connect_TCP_Timeout_Test_Test()	16	static
esp8266_test.cpp:489:1:TEST_EspDriver_Test_Group_Connect_TCP_Test_TestShell::~TEST_EspDriver_Test_Group_Connect_TCP_Test_TestShell()	16	static
esp8266_test.cpp:489:1:virtual TEST_EspDriver_Test_Group_Connect_TCP_Test_TestShell::~TEST_EspDriver_Test_Group_Connect_TCP_Test_TestShell()	16	static
esp8266_test.cpp:489:1:TEST_EspDriver_Test_Group_Connect_TCP_Test_Test::~TEST_EspDriver_Test_Group_Connect_TCP_Test_Test()	16	static
esp8266_test.cpp:489:1:virtual TEST_EspDriver_Test_Group_Connect_TCP_Test_Test::~TEST_EspDriver_Test_Group_Connect_TCP_Test_Test()	16	static
esp8266_test.cpp:445:1:TEST_EspDriver_Test_Group_Command_Process_Test_TestShell::~TEST_EspDriver_Test_Group_Command_Process_Test_TestShell()	16	static
esp8266_test.cpp:445:1:virtual TEST_EspDriver_Test_Group_Command_Process_Test_TestShell::~TEST_EspDriver_Test_Group_Command_Process_Test_TestShell()	16	static
esp8266_test.cpp:445:1:TEST_EspDriver_Test_Group_Command_Process_Test_Test::~TEST_EspDriver_Test_Group_Command_Process_Test_Test()	16	static
esp8266_test.cpp:445:1:virtual TEST_EspDriver_Test_Group_Command_Process_Test_Test::~TEST_EspDriver_Test_Group_Command_Process_Test_Test()	16	static
esp8266_test.cpp:421:1:TEST_EspDriver_Test_Group_Disconnect_Wifi_Test_TestShell::~TEST_EspDriver_Test_Group_Disconnect_Wifi_Test_TestShell()	16	static
esp8266_test.cpp:421:1:virtual TEST_EspDriver_Test_Group_Disconnect_Wifi_Test_TestShell::~TEST_EspDriver_Test_Group_Disconnect_Wifi_Test_TestShell()	16	static
esp8266_test.cpp:421:1:TEST_EspDriver_Test_Group_Disconnect_Wifi_Test_Test::~TEST_EspDriver_Test_Group_Disconnect_Wifi_Test_Test()	16	static
esp8266_test.cpp:421:1:virtual TEST_EspDriver_Test_Group_Disconnect_Wifi_Test_Test::~TEST_EspDriver_Test_Group_Disconnect_Wifi_Test_Test()	16	static
esp8266_test.cpp:403:1:TEST_EspDriver_Test_Group_Disconnect_Wifi_Timeout_Test_TestShell::~TEST_EspDriver_Test_Group_Disconnect_Wifi_Timeout_Test_TestShell()	16	static
esp8266_test.cpp:403:1:virtual TEST_EspDriver_Test_Group_Disconnect_Wifi_Timeout_Test_TestShell::~TEST_EspDriver_Test_Group_Disconnect_Wifi_Timeout_Test_TestShell()	16	static
esp8266_test.cpp:403:1:TEST_EspDriver_Test_Group_Disconnect_Wifi_Timeout_Test_Test::~TEST_EspDriver_Test_Group_Disconnect_Wifi_Timeout_Test_Test()	16	static
esp8266_test.cpp:403:1:virtual TEST_EspDriver_Test_Group_Disconnect_Wifi_Timeout_Test_Test::~TEST_EspDriver_Test_Group_Disconnect_Wifi_Timeout_Test_Test()	16	static
esp8266_test.cpp:359:1:TEST_EspDriver_Test_Group_Connect_Wifi_Test_TestShell::~TEST_EspDriver_Test_Group_Connect_Wifi_Test_TestShell()	16	static
esp8266_test.cpp:359:1:virtual TEST_EspDriver_Test_Group_Connect_Wifi_Test_TestShell::~TEST_EspDriver_Test_Group_Connect_Wifi_Test_TestShell()	16	static
esp8266_test.cpp:359:1:TEST_EspDriver_Test_Group_Connect_Wifi_Test_Test::~TEST_EspDriver_Test_Group_Connect_Wifi_Test_Test()	16	static
esp8266_test.cpp:359:1:virtual TEST_EspDriver_Test_Group_Connect_Wifi_Test_Test::~TEST_EspDriver_Test_Group_Connect_Wifi_Test_Test()	16	static
esp8266_test.cpp:315:1:TEST_EspDriver_Test_Group_Connect_Wifi_Error_Test_TestShell::~TEST_EspDriver_Test_Group_Connect_Wifi_Error_Test_TestShell()	16	static
esp8266_test.cpp:315:1:virtual TEST_EspDriver_Test_Group_Connect_Wifi_Error_Test_TestShell::~TEST_EspDriver_Test_Group_Connect_Wifi_Error_Test_TestShell()	16	static
esp8266_test.cpp:315:1:TEST_EspDriver_Test_Group_Connect_Wifi_Error_Test_Test::~TEST_EspDriver_Test_Group_Connect_Wifi_Error_Test_Test()	16	static
esp8266_test.cpp:315:1:virtual TEST_EspDriver_Test_Group_Connect_Wifi_Error_Test_Test::~TEST_EspDriver_Test_Group_Connect_Wifi_Error_Test_Test()	16	static
esp8266_test.cpp:292:1:TEST_EspDriver_Test_Group_Connect_Wifi_Timeout_Test_TestShell::~TEST_EspDriver_Test_Group_Connect_Wifi_Timeout_Test_TestShell()	16	static
esp8266_test.cpp:292:1:virtual TEST_EspDriver_Test_Group_Connect_Wifi_Timeout_Test_TestShell::~TEST_EspDriver_Test_Group_Connect_Wifi_Timeout_Test_TestShell()	16	static
esp8266_test.cpp:292:1:TEST_EspDriver_Test_Group_Connect_Wifi_Timeout_Test_Test::~TEST_EspDriver_Test_Group_Connect_Wifi_Timeout_Test_Test()	16	static
esp8266_test.cpp:292:1:virtual TEST_EspDriver_Test_Group_Connect_Wifi_Timeout_Test_Test::~TEST_EspDriver_Test_Group_Connect_Wifi_Timeout_Test_Test()	16	static
esp8266_test.cpp:270:1:TEST_EspDriver_Test_Group_Wait_Response_Test_TestShell::~TEST_EspDriver_Test_Group_Wait_Response_Test_TestShell()	16	static
esp8266_test.cpp:270:1:virtual TEST_EspDriver_Test_Group_Wait_Response_Test_TestShell::~TEST_EspDriver_Test_Group_Wait_Response_Test_TestShell()	16	static
esp8266_test.cpp:270:1:TEST_EspDriver_Test_Group_Wait_Response_Test_Test::~TEST_EspDriver_Test_Group_Wait_Response_Test_Test()	16	static
esp8266_test.cpp:270:1:virtual TEST_EspDriver_Test_Group_Wait_Response_Test_Test::~TEST_EspDriver_Test_Group_Wait_Response_Test_Test()	16	static
esp8266_test.cpp:254:1:TEST_EspDriver_Test_Group_Wait_Response_Timeout_Test_TestShell::~TEST_EspDriver_Test_Group_Wait_Response_Timeout_Test_TestShell()	16	static
esp8266_test.cpp:254:1:virtual TEST_EspDriver_Test_Group_Wait_Response_Timeout_Test_TestShell::~TEST_EspDriver_Test_Group_Wait_Response_Timeout_Test_TestShell()	16	static
esp8266_test.cpp:254:1:TEST_EspDriver_Test_Group_Wait_Response_Timeout_Test_Test::~TEST_EspDriver_Test_Group_Wait_Response_Timeout_Test_Test()	16	static
esp8266_test.cpp:254:1:virtual TEST_EspDriver_Test_Group_Wait_Response_Timeout_Test_Test::~TEST_EspDriver_Test_Group_Wait_Response_Timeout_Test_Test()	16	static
esp8266_test.cpp:237:1:TEST_EspDriver_Test_Group_Read_Response_Test_TestShell::~TEST_EspDriver_Test_Group_Read_Response_Test_TestShell()	16	static
esp8266_test.cpp:237:1:virtual TEST_EspDriver_Test_Group_Read_Response_Test_TestShell::~TEST_EspDriver_Test_Group_Read_Response_Test_TestShell()	16	static
esp8266_test.cpp:237:1:TEST_EspDriver_Test_Group_Read_Response_Test_Test::~TEST_EspDriver_Test_Group_Read_Response_Test_Test()	16	static
esp8266_test.cpp:237:1:virtual TEST_EspDriver_Test_Group_Read_Response_Test_Test::~TEST_EspDriver_Test_Group_Read_Response_Test_Test()	16	static
esp8266_test.cpp:222:1:TEST_EspDriver_Test_Group_UART_Receive_Handler_Test_TestShell::~TEST_EspDriver_Test_Group_UART_Receive_Handler_Test_TestShell()	16	static
esp8266_test.cpp:222:1:virtual TEST_EspDriver_Test_Group_UART_Receive_Handler_Test_TestShell::~TEST_EspDriver_Test_Group_UART_Receive_Handler_Test_TestShell()	16	static
esp8266_test.cpp:222:1:TEST_EspDriver_Test_Group_UART_Receive_Handler_Test_Test::~TEST_EspDriver_Test_Group_UART_Receive_Handler_Test_Test()	16	static
esp8266_test.cpp:222:1:virtual TEST_EspDriver_Test_Group_UART_Receive_Handler_Test_Test::~TEST_EspDriver_Test_Group_UART_Receive_Handler_Test_Test()	16	static
esp8266_test.cpp:210:1:TEST_EspDriver_Test_Group_Send_AT_Command_Test_TestShell::~TEST_EspDriver_Test_Group_Send_AT_Command_Test_TestShell()	16	static
esp8266_test.cpp:210:1:virtual TEST_EspDriver_Test_Group_Send_AT_Command_Test_TestShell::~TEST_EspDriver_Test_Group_Send_AT_Command_Test_TestShell()	16	static
esp8266_test.cpp:210:1:TEST_EspDriver_Test_Group_Send_AT_Command_Test_Test::~TEST_EspDriver_Test_Group_Send_AT_Command_Test_Test()	16	static
esp8266_test.cpp:210:1:virtual TEST_EspDriver_Test_Group_Send_AT_Command_Test_Test::~TEST_EspDriver_Test_Group_Send_AT_Command_Test_Test()	16	static
esp8266_test.cpp:192:1:TEST_EspDriver_Test_Group_Esp_Init_Test_TestShell::~TEST_EspDriver_Test_Group_Esp_Init_Test_TestShell()	16	static
esp8266_test.cpp:192:1:virtual TEST_EspDriver_Test_Group_Esp_Init_Test_TestShell::~TEST_EspDriver_Test_Group_Esp_Init_Test_TestShell()	16	static
esp8266_test.cpp:192:1:TEST_EspDriver_Test_Group_Esp_Init_Test_Test::~TEST_EspDriver_Test_Group_Esp_Init_Test_Test()	16	static
esp8266_test.cpp:192:1:virtual TEST_EspDriver_Test_Group_Esp_Init_Test_Test::~TEST_EspDriver_Test_Group_Esp_Init_Test_Test()	16	static
esp8266_test.cpp:133:1:TEST_RingBuffer_Test_Group_CapacityTest_TestShell::~TEST_RingBuffer_Test_Group_CapacityTest_TestShell()	16	static
esp8266_test.cpp:133:1:virtual TEST_RingBuffer_Test_Group_CapacityTest_TestShell::~TEST_RingBuffer_Test_Group_CapacityTest_TestShell()	16	static
esp8266_test.cpp:133:1:TEST_RingBuffer_Test_Group_CapacityTest_Test::~TEST_RingBuffer_Test_Group_CapacityTest_Test()	16	static
esp8266_test.cpp:133:1:virtual TEST_RingBuffer_Test_Group_CapacityTest_Test::~TEST_RingBuffer_Test_Group_CapacityTest_Test()	16	static
esp8266_test.cpp:125:1:TEST_RingBuffer_Test_Group_LookForTest_TestShell::~TEST_RingBuffer_Test_Group_LookForTest_TestShell()	16	static
esp8266_test.cpp:125:1:virtual TEST_RingBuffer_Test_Group_LookForTest_TestShell::~TEST_RingBuffer_Test_Group_LookForTest_TestShell()	16	static
esp8266_test.cpp:125:1:TEST_RingBuffer_Test_Group_LookForTest_Test::~TEST_RingBuffer_Test_Group_LookForTest_Test()	16	static
esp8266_test.cpp:125:1:virtual TEST_RingBuffer_Test_Group_LookForTest_Test::~TEST_RingBuffer_Test_Group_LookForTest_Test()	16	static
esp8266_test.cpp:118:1:TEST_RingBuffer_Test_Group_PushArrayTest_TestShell::~TEST_RingBuffer_Test_Group_PushArrayTest_TestShell()	16	static
esp8266_test.cpp:118:1:virtual TEST_RingBuffer_Test_Group_PushArrayTest_TestShell::~TEST_RingBuffer_Test_Group_PushArrayTest_TestShell()	16	static
esp8266_test.cpp:118:1:TEST_RingBuffer_Test_Group_PushArrayTest_Test::~TEST_RingBuffer_Test_Group_PushArrayTest_Test()	16	static
esp8266_test.cpp:118:1:virtual TEST_RingBuffer_Test_Group_PushArrayTest_Test::~TEST_RingBuffer_Test_Group_PushArrayTest_Test()	16	static
esp8266_test.cpp:97:1:TEST_RingBuffer_Test_Group_BufferFlushTest_TestShell::~TEST_RingBuffer_Test_Group_BufferFlushTest_TestShell()	16	static
esp8266_test.cpp:97:1:virtual TEST_RingBuffer_Test_Group_BufferFlushTest_TestShell::~TEST_RingBuffer_Test_Group_BufferFlushTest_TestShell()	16	static
esp8266_test.cpp:97:1:TEST_RingBuffer_Test_Group_BufferFlushTest_Test::~TEST_RingBuffer_Test_Group_BufferFlushTest_Test()	16	static
esp8266_test.cpp:97:1:virtual TEST_RingBuffer_Test_Group_BufferFlushTest_Test::~TEST_RingBuffer_Test_Group_BufferFlushTest_Test()	16	static
esp8266_test.cpp:81:1:TEST_RingBuffer_Test_Group_PopBufferOverFlowTest_TestShell::~TEST_RingBuffer_Test_Group_PopBufferOverFlowTest_TestShell()	16	static
esp8266_test.cpp:81:1:virtual TEST_RingBuffer_Test_Group_PopBufferOverFlowTest_TestShell::~TEST_RingBuffer_Test_Group_PopBufferOverFlowTest_TestShell()	16	static
esp8266_test.cpp:81:1:TEST_RingBuffer_Test_Group_PopBufferOverFlowTest_Test::~TEST_RingBuffer_Test_Group_PopBufferOverFlowTest_Test()	16	static
esp8266_test.cpp:81:1:virtual TEST_RingBuffer_Test_Group_PopBufferOverFlowTest_Test::~TEST_RingBuffer_Test_Group_PopBufferOverFlowTest_Test()	16	static
esp8266_test.cpp:72:1:TEST_RingBuffer_Test_Group_PopDataTests_TestShell::~TEST_RingBuffer_Test_Group_PopDataTests_TestShell()	16	static
esp8266_test.cpp:72:1:virtual TEST_RingBuffer_Test_Group_PopDataTests_TestShell::~TEST_RingBuffer_Test_Group_PopDataTests_TestShell()	16	static
esp8266_test.cpp:72:1:TEST_RingBuffer_Test_Group_PopDataTests_Test::~TEST_RingBuffer_Test_Group_PopDataTests_Test()	16	static
esp8266_test.cpp:72:1:virtual TEST_RingBuffer_Test_Group_PopDataTests_Test::~TEST_RingBuffer_Test_Group_PopDataTests_Test()	16	static
esp8266_test.cpp:61:1:TEST_RingBuffer_Test_Group_BufferOverflowTest_TestShell::~TEST_RingBuffer_Test_Group_BufferOverflowTest_TestShell()	16	static
esp8266_test.cpp:61:1:virtual TEST_RingBuffer_Test_Group_BufferOverflowTest_TestShell::~TEST_RingBuffer_Test_Group_BufferOverflowTest_TestShell()	16	static
esp8266_test.cpp:61:1:TEST_RingBuffer_Test_Group_BufferOverflowTest_Test::~TEST_RingBuffer_Test_Group_BufferOverflowTest_Test()	16	static
esp8266_test.cpp:61:1:virtual TEST_RingBuffer_Test_Group_BufferOverflowTest_Test::~TEST_RingBuffer_Test_Group_BufferOverflowTest_Test()	16	static
esp8266_test.cpp:51:1:TEST_RingBuffer_Test_Group_PushDataTests_TestShell::~TEST_RingBuffer_Test_Group_PushDataTests_TestShell()	16	static
esp8266_test.cpp:51:1:virtual TEST_RingBuffer_Test_Group_PushDataTests_TestShell::~TEST_RingBuffer_Test_Group_PushDataTests_TestShell()	16	static
esp8266_test.cpp:51:1:TEST_RingBuffer_Test_Group_PushDataTests_Test::~TEST_RingBuffer_Test_Group_PushDataTests_Test()	16	static
esp8266_test.cpp:51:1:virtual TEST_RingBuffer_Test_Group_PushDataTests_Test::~TEST_RingBuffer_Test_Group_PushDataTests_Test()	16	static
esp8266_test.cpp:41:1:TEST_RingBuffer_Test_Group_InitTest_TestShell::~TEST_RingBuffer_Test_Group_InitTest_TestShell()	16	static
esp8266_test.cpp:41:1:virtual TEST_RingBuffer_Test_Group_InitTest_TestShell::~TEST_RingBuffer_Test_Group_InitTest_TestShell()	16	static
esp8266_test.cpp:41:1:TEST_RingBuffer_Test_Group_InitTest_Test::~TEST_RingBuffer_Test_Group_InitTest_Test()	16	static
esp8266_test.cpp:41:1:virtual TEST_RingBuffer_Test_Group_InitTest_Test::~TEST_RingBuffer_Test_Group_InitTest_Test()	16	static
esp8266_test.cpp:730:1:void __static_initialization_and_destruction_0(int, int)	24	static
esp8266_test.cpp:730:1:cpp)	8	static
esp8266_test.cpp:730:1:cpp)	8	static
