MockActualCall.h:59:21:MockActualCall& MockActualCall::withParameter(const SimpleString&, const unsigned char*, size_t)	32	static
MockExpectedCall.h:59:23:MockExpectedCall& MockExpectedCall::withParameter(const SimpleString&, const unsigned char*, size_t)	32	static
esp8266_test.cpp:29:7:virtual void TEST_GROUP_CppUTestGroupRingBuffer_Test_Group::setup()	16	static
esp8266_test.cpp:36:7:virtual void TEST_GROUP_CppUTestGroupRingBuffer_Test_Group::teardown()	16	static
esp8266_test.cpp:24:1:TEST_GROUP_CppUTestGroupRingBuffer_Test_Group::TEST_GROUP_CppUTestGroupRingBuffer_Test_Group()	16	static
esp8266_test.cpp:24:1:TEST_GROUP_CppUTestGroupRingBuffer_Test_Group::~TEST_GROUP_CppUTestGroupRingBuffer_Test_Group()	16	static
esp8266_test.cpp:24:1:virtual TEST_GROUP_CppUTestGroupRingBuffer_Test_Group::~TEST_GROUP_CppUTestGroupRingBuffer_Test_Group()	16	static
esp8266_test.cpp:44:1:TEST_RingBuffer_Test_Group_InitTest_Test::TEST_RingBuffer_Test_Group_InitTest_Test()	16	static
esp8266_test.cpp:44:1:virtual Utest* TEST_RingBuffer_Test_Group_InitTest_TestShell::createTest()	24	static
esp8266_test.cpp:44:1:TEST_RingBuffer_Test_Group_InitTest_TestShell::TEST_RingBuffer_Test_Group_InitTest_TestShell()	16	static
esp8266_test.cpp:44:1:virtual void TEST_RingBuffer_Test_Group_InitTest_Test::testBody()	48	static
esp8266_test.cpp:54:1:TEST_RingBuffer_Test_Group_PushDataTests_Test::TEST_RingBuffer_Test_Group_PushDataTests_Test()	16	static
esp8266_test.cpp:54:1:virtual Utest* TEST_RingBuffer_Test_Group_PushDataTests_TestShell::createTest()	24	static
esp8266_test.cpp:54:1:TEST_RingBuffer_Test_Group_PushDataTests_TestShell::TEST_RingBuffer_Test_Group_PushDataTests_TestShell()	16	static
esp8266_test.cpp:54:1:virtual void TEST_RingBuffer_Test_Group_PushDataTests_Test::testBody()	48	static
esp8266_test.cpp:64:1:TEST_RingBuffer_Test_Group_BufferOverflowTest_Test::TEST_RingBuffer_Test_Group_BufferOverflowTest_Test()	16	static
esp8266_test.cpp:64:1:virtual Utest* TEST_RingBuffer_Test_Group_BufferOverflowTest_TestShell::createTest()	24	static
esp8266_test.cpp:64:1:TEST_RingBuffer_Test_Group_BufferOverflowTest_TestShell::TEST_RingBuffer_Test_Group_BufferOverflowTest_TestShell()	16	static
esp8266_test.cpp:64:1:virtual void TEST_RingBuffer_Test_Group_BufferOverflowTest_Test::testBody()	56	static
esp8266_test.cpp:75:1:TEST_RingBuffer_Test_Group_PopDataTests_Test::TEST_RingBuffer_Test_Group_PopDataTests_Test()	16	static
esp8266_test.cpp:75:1:virtual Utest* TEST_RingBuffer_Test_Group_PopDataTests_TestShell::createTest()	24	static
esp8266_test.cpp:75:1:TEST_RingBuffer_Test_Group_PopDataTests_TestShell::TEST_RingBuffer_Test_Group_PopDataTests_TestShell()	16	static
esp8266_test.cpp:75:1:virtual void TEST_RingBuffer_Test_Group_PopDataTests_Test::testBody()	56	static
esp8266_test.cpp:84:1:TEST_RingBuffer_Test_Group_PopBufferOverFlowTest_Test::TEST_RingBuffer_Test_Group_PopBufferOverFlowTest_Test()	16	static
esp8266_test.cpp:84:1:virtual Utest* TEST_RingBuffer_Test_Group_PopBufferOverFlowTest_TestShell::createTest()	24	static
esp8266_test.cpp:84:1:TEST_RingBuffer_Test_Group_PopBufferOverFlowTest_TestShell::TEST_RingBuffer_Test_Group_PopBufferOverFlowTest_TestShell()	16	static
esp8266_test.cpp:84:1:virtual void TEST_RingBuffer_Test_Group_PopBufferOverFlowTest_Test::testBody()	56	static
esp8266_test.cpp:100:1:TEST_RingBuffer_Test_Group_BufferFlushTest_Test::TEST_RingBuffer_Test_Group_BufferFlushTest_Test()	16	static
esp8266_test.cpp:100:1:virtual Utest* TEST_RingBuffer_Test_Group_BufferFlushTest_TestShell::createTest()	24	static
esp8266_test.cpp:100:1:TEST_RingBuffer_Test_Group_BufferFlushTest_TestShell::TEST_RingBuffer_Test_Group_BufferFlushTest_TestShell()	16	static
esp8266_test.cpp:100:1:virtual void TEST_RingBuffer_Test_Group_BufferFlushTest_Test::testBody()	56	static
esp8266_test.cpp:121:1:TEST_RingBuffer_Test_Group_PushArrayTest_Test::TEST_RingBuffer_Test_Group_PushArrayTest_Test()	16	static
esp8266_test.cpp:121:1:virtual Utest* TEST_RingBuffer_Test_Group_PushArrayTest_TestShell::createTest()	24	static
esp8266_test.cpp:121:1:TEST_RingBuffer_Test_Group_PushArrayTest_TestShell::TEST_RingBuffer_Test_Group_PushArrayTest_TestShell()	16	static
esp8266_test.cpp:121:1:virtual void TEST_RingBuffer_Test_Group_PushArrayTest_Test::testBody()	48	static
esp8266_test.cpp:128:1:TEST_RingBuffer_Test_Group_LookForTest_Test::TEST_RingBuffer_Test_Group_LookForTest_Test()	16	static
esp8266_test.cpp:128:1:virtual Utest* TEST_RingBuffer_Test_Group_LookForTest_TestShell::createTest()	24	static
esp8266_test.cpp:128:1:TEST_RingBuffer_Test_Group_LookForTest_TestShell::TEST_RingBuffer_Test_Group_LookForTest_TestShell()	16	static
esp8266_test.cpp:128:1:virtual void TEST_RingBuffer_Test_Group_LookForTest_Test::testBody()	64	static
esp8266_test.cpp:136:1:TEST_RingBuffer_Test_Group_CapacityTest_Test::TEST_RingBuffer_Test_Group_CapacityTest_Test()	16	static
esp8266_test.cpp:136:1:virtual Utest* TEST_RingBuffer_Test_Group_CapacityTest_TestShell::createTest()	24	static
esp8266_test.cpp:136:1:TEST_RingBuffer_Test_Group_CapacityTest_TestShell::TEST_RingBuffer_Test_Group_CapacityTest_TestShell()	16	static
esp8266_test.cpp:136:1:virtual void TEST_RingBuffer_Test_Group_CapacityTest_Test::testBody()	48	static
esp8266_test.cpp:145:6:void UART_Transmit_Fake(uint8_t*, size_t)	56	static
esp8266_test.cpp:151:9:uint8_t UART_Receive_Fake()	32	static
esp8266_test.cpp:159:10:uint32_t getTick_Fake()	4	static
esp8266_test.cpp:176:7:virtual void TEST_GROUP_CppUTestGroupEspDriver_Test_Group::setup()	16	static
esp8266_test.cpp:185:7:virtual void TEST_GROUP_CppUTestGroupEspDriver_Test_Group::teardown()	32	static
esp8266_test.cpp:173:1:TEST_GROUP_CppUTestGroupEspDriver_Test_Group::TEST_GROUP_CppUTestGroupEspDriver_Test_Group()	16	static
esp8266_test.cpp:173:1:TEST_GROUP_CppUTestGroupEspDriver_Test_Group::~TEST_GROUP_CppUTestGroupEspDriver_Test_Group()	16	static
esp8266_test.cpp:173:1:virtual TEST_GROUP_CppUTestGroupEspDriver_Test_Group::~TEST_GROUP_CppUTestGroupEspDriver_Test_Group()	16	static
esp8266_test.cpp:195:1:TEST_EspDriver_Test_Group_Esp_Init_Test_Test::TEST_EspDriver_Test_Group_Esp_Init_Test_Test()	16	static
esp8266_test.cpp:195:1:virtual Utest* TEST_EspDriver_Test_Group_Esp_Init_Test_TestShell::createTest()	24	static
esp8266_test.cpp:195:1:TEST_EspDriver_Test_Group_Esp_Init_Test_TestShell::TEST_EspDriver_Test_Group_Esp_Init_Test_TestShell()	16	static
esp8266_test.cpp:195:1:virtual void TEST_EspDriver_Test_Group_Esp_Init_Test_Test::testBody()	48	static
esp8266_test.cpp:213:1:TEST_EspDriver_Test_Group_Send_AT_Command_Test_Test::TEST_EspDriver_Test_Group_Send_AT_Command_Test_Test()	16	static
esp8266_test.cpp:213:1:virtual Utest* TEST_EspDriver_Test_Group_Send_AT_Command_Test_TestShell::createTest()	24	static
esp8266_test.cpp:213:1:TEST_EspDriver_Test_Group_Send_AT_Command_Test_TestShell::TEST_EspDriver_Test_Group_Send_AT_Command_Test_TestShell()	16	static
esp8266_test.cpp:213:1:virtual void TEST_EspDriver_Test_Group_Send_AT_Command_Test_Test::testBody()	88	static
esp8266_test.cpp:225:1:TEST_EspDriver_Test_Group_UART_Receive_Handler_Test_Test::TEST_EspDriver_Test_Group_UART_Receive_Handler_Test_Test()	16	static
esp8266_test.cpp:225:1:virtual Utest* TEST_EspDriver_Test_Group_UART_Receive_Handler_Test_TestShell::createTest()	24	static
esp8266_test.cpp:225:1:TEST_EspDriver_Test_Group_UART_Receive_Handler_Test_TestShell::TEST_EspDriver_Test_Group_UART_Receive_Handler_Test_TestShell()	16	static
esp8266_test.cpp:225:1:virtual void TEST_EspDriver_Test_Group_UART_Receive_Handler_Test_Test::testBody()	80	static
esp8266_test.cpp:240:1:TEST_EspDriver_Test_Group_Read_Response_Test_Test::TEST_EspDriver_Test_Group_Read_Response_Test_Test()	16	static
esp8266_test.cpp:240:1:virtual Utest* TEST_EspDriver_Test_Group_Read_Response_Test_TestShell::createTest()	24	static
esp8266_test.cpp:240:1:TEST_EspDriver_Test_Group_Read_Response_Test_TestShell::TEST_EspDriver_Test_Group_Read_Response_Test_TestShell()	16	static
esp8266_test.cpp:240:1:virtual void TEST_EspDriver_Test_Group_Read_Response_Test_Test::testBody()	80	static
esp8266_test.cpp:257:1:TEST_EspDriver_Test_Group_Wait_Response_Timeout_Test_Test::TEST_EspDriver_Test_Group_Wait_Response_Timeout_Test_Test()	16	static
esp8266_test.cpp:257:1:virtual Utest* TEST_EspDriver_Test_Group_Wait_Response_Timeout_Test_TestShell::createTest()	24	static
esp8266_test.cpp:257:1:TEST_EspDriver_Test_Group_Wait_Response_Timeout_Test_TestShell::TEST_EspDriver_Test_Group_Wait_Response_Timeout_Test_TestShell()	16	static
esp8266_test.cpp:257:1:virtual void TEST_EspDriver_Test_Group_Wait_Response_Timeout_Test_Test::testBody()	56	static
esp8266_test.cpp:273:1:TEST_EspDriver_Test_Group_Wait_Response_Test_Test::TEST_EspDriver_Test_Group_Wait_Response_Test_Test()	16	static
esp8266_test.cpp:273:1:virtual Utest* TEST_EspDriver_Test_Group_Wait_Response_Test_TestShell::createTest()	24	static
esp8266_test.cpp:273:1:TEST_EspDriver_Test_Group_Wait_Response_Test_TestShell::TEST_EspDriver_Test_Group_Wait_Response_Test_TestShell()	16	static
esp8266_test.cpp:273:1:virtual void TEST_EspDriver_Test_Group_Wait_Response_Test_Test::testBody()	80	static
esp8266_test.cpp:295:1:TEST_EspDriver_Test_Group_Connect_Wifi_Timeout_Test_Test::TEST_EspDriver_Test_Group_Connect_Wifi_Timeout_Test_Test()	16	static
esp8266_test.cpp:295:1:virtual Utest* TEST_EspDriver_Test_Group_Connect_Wifi_Timeout_Test_TestShell::createTest()	24	static
esp8266_test.cpp:295:1:TEST_EspDriver_Test_Group_Connect_Wifi_Timeout_Test_TestShell::TEST_EspDriver_Test_Group_Connect_Wifi_Timeout_Test_TestShell()	16	static
esp8266_test.cpp:295:1:virtual void TEST_EspDriver_Test_Group_Connect_Wifi_Timeout_Test_Test::testBody()	88	static
esp8266_test.cpp:318:1:TEST_EspDriver_Test_Group_Connect_Wifi_Error_Test_Test::TEST_EspDriver_Test_Group_Connect_Wifi_Error_Test_Test()	16	static
esp8266_test.cpp:318:1:virtual Utest* TEST_EspDriver_Test_Group_Connect_Wifi_Error_Test_TestShell::createTest()	24	static
esp8266_test.cpp:318:1:TEST_EspDriver_Test_Group_Connect_Wifi_Error_Test_TestShell::TEST_EspDriver_Test_Group_Connect_Wifi_Error_Test_TestShell()	16	static
esp8266_test.cpp:318:1:virtual void TEST_EspDriver_Test_Group_Connect_Wifi_Error_Test_Test::testBody()	416	static
esp8266_test.cpp:362:1:TEST_EspDriver_Test_Group_Connect_Wifi_Test_Test::TEST_EspDriver_Test_Group_Connect_Wifi_Test_Test()	16	static
esp8266_test.cpp:362:1:virtual Utest* TEST_EspDriver_Test_Group_Connect_Wifi_Test_TestShell::createTest()	24	static
esp8266_test.cpp:362:1:TEST_EspDriver_Test_Group_Connect_Wifi_Test_TestShell::TEST_EspDriver_Test_Group_Connect_Wifi_Test_TestShell()	16	static
esp8266_test.cpp:362:1:virtual void TEST_EspDriver_Test_Group_Connect_Wifi_Test_Test::testBody()	416	static
esp8266_test.cpp:406:1:TEST_EspDriver_Test_Group_Disconnect_Wifi_Timeout_Test_Test::TEST_EspDriver_Test_Group_Disconnect_Wifi_Timeout_Test_Test()	16	static
esp8266_test.cpp:406:1:virtual Utest* TEST_EspDriver_Test_Group_Disconnect_Wifi_Timeout_Test_TestShell::createTest()	24	static
esp8266_test.cpp:406:1:TEST_EspDriver_Test_Group_Disconnect_Wifi_Timeout_Test_TestShell::TEST_EspDriver_Test_Group_Disconnect_Wifi_Timeout_Test_TestShell()	16	static
esp8266_test.cpp:406:1:virtual void TEST_EspDriver_Test_Group_Disconnect_Wifi_Timeout_Test_Test::testBody()	88	static
esp8266_test.cpp:424:1:TEST_EspDriver_Test_Group_Disconnect_Wifi_Test_Test::TEST_EspDriver_Test_Group_Disconnect_Wifi_Test_Test()	16	static
esp8266_test.cpp:424:1:virtual Utest* TEST_EspDriver_Test_Group_Disconnect_Wifi_Test_TestShell::createTest()	24	static
esp8266_test.cpp:424:1:TEST_EspDriver_Test_Group_Disconnect_Wifi_Test_TestShell::TEST_EspDriver_Test_Group_Disconnect_Wifi_Test_TestShell()	16	static
esp8266_test.cpp:424:1:virtual void TEST_EspDriver_Test_Group_Disconnect_Wifi_Test_Test::testBody()	104	static
esp8266_test.cpp:448:1:TEST_EspDriver_Test_Group_Command_Process_Test_Test::TEST_EspDriver_Test_Group_Command_Process_Test_Test()	16	static
esp8266_test.cpp:448:1:virtual Utest* TEST_EspDriver_Test_Group_Command_Process_Test_TestShell::createTest()	24	static
esp8266_test.cpp:448:1:TEST_EspDriver_Test_Group_Command_Process_Test_TestShell::TEST_EspDriver_Test_Group_Command_Process_Test_TestShell()	16	static
esp8266_test.cpp:448:1:virtual void TEST_EspDriver_Test_Group_Command_Process_Test_Test::testBody()	136	static
esp8266_test.cpp:492:1:TEST_EspDriver_Test_Group_Connect_TCP_Test_Test::TEST_EspDriver_Test_Group_Connect_TCP_Test_Test()	16	static
esp8266_test.cpp:492:1:virtual Utest* TEST_EspDriver_Test_Group_Connect_TCP_Test_TestShell::createTest()	24	static
esp8266_test.cpp:492:1:TEST_EspDriver_Test_Group_Connect_TCP_Test_TestShell::TEST_EspDriver_Test_Group_Connect_TCP_Test_TestShell()	16	static
esp8266_test.cpp:492:1:virtual void TEST_EspDriver_Test_Group_Connect_TCP_Test_Test::testBody()	224	static
esp8266_test.cpp:536:1:TEST_EspDriver_Test_Group_Connect_TCP_Timeout_Test_Test::TEST_EspDriver_Test_Group_Connect_TCP_Timeout_Test_Test()	16	static
esp8266_test.cpp:536:1:virtual Utest* TEST_EspDriver_Test_Group_Connect_TCP_Timeout_Test_TestShell::createTest()	24	static
esp8266_test.cpp:536:1:TEST_EspDriver_Test_Group_Connect_TCP_Timeout_Test_TestShell::TEST_EspDriver_Test_Group_Connect_TCP_Timeout_Test_TestShell()	16	static
esp8266_test.cpp:536:1:virtual void TEST_EspDriver_Test_Group_Connect_TCP_Timeout_Test_Test::testBody()	96	static
esp8266_test.cpp:563:1:TEST_EspDriver_Test_Group_Connect_TCP_Error_Test_Test::TEST_EspDriver_Test_Group_Connect_TCP_Error_Test_Test()	16	static
esp8266_test.cpp:563:1:virtual Utest* TEST_EspDriver_Test_Group_Connect_TCP_Error_Test_TestShell::createTest()	24	static
esp8266_test.cpp:563:1:TEST_EspDriver_Test_Group_Connect_TCP_Error_Test_TestShell::TEST_EspDriver_Test_Group_Connect_TCP_Error_Test_TestShell()	16	static
esp8266_test.cpp:563:1:virtual void TEST_EspDriver_Test_Group_Connect_TCP_Error_Test_Test::testBody()	224	static
esp8266_test.cpp:607:1:TEST_EspDriver_Test_Group_Disconnect_TCP_Test_Test::TEST_EspDriver_Test_Group_Disconnect_TCP_Test_Test()	16	static
esp8266_test.cpp:607:1:virtual Utest* TEST_EspDriver_Test_Group_Disconnect_TCP_Test_TestShell::createTest()	24	static
esp8266_test.cpp:607:1:TEST_EspDriver_Test_Group_Disconnect_TCP_Test_TestShell::TEST_EspDriver_Test_Group_Disconnect_TCP_Test_TestShell()	16	static
esp8266_test.cpp:607:1:virtual void TEST_EspDriver_Test_Group_Disconnect_TCP_Test_Test::testBody()	104	static
esp8266_test.cpp:632:1:TEST_EspDriver_Test_Group_Send_TCP_Message_Test_Test::TEST_EspDriver_Test_Group_Send_TCP_Message_Test_Test()	16	static
esp8266_test.cpp:632:1:virtual Utest* TEST_EspDriver_Test_Group_Send_TCP_Message_Test_TestShell::createTest()	24	static
esp8266_test.cpp:632:1:TEST_EspDriver_Test_Group_Send_TCP_Message_Test_TestShell::TEST_EspDriver_Test_Group_Send_TCP_Message_Test_TestShell()	16	static
esp8266_test.cpp:632:1:virtual void TEST_EspDriver_Test_Group_Send_TCP_Message_Test_Test::testBody()	240	static
esp8266_test.cpp:669:1:TEST_EspDriver_Test_Group_Read_TCP_Message_Test_Test::TEST_EspDriver_Test_Group_Read_TCP_Message_Test_Test()	16	static
esp8266_test.cpp:669:1:virtual Utest* TEST_EspDriver_Test_Group_Read_TCP_Message_Test_TestShell::createTest()	24	static
esp8266_test.cpp:669:1:TEST_EspDriver_Test_Group_Read_TCP_Message_Test_TestShell::TEST_EspDriver_Test_Group_Read_TCP_Message_Test_TestShell()	16	static
esp8266_test.cpp:669:1:virtual void TEST_EspDriver_Test_Group_Read_TCP_Message_Test_Test::testBody()	160	static
esp8266_test.cpp:691:1:TEST_EspDriver_Test_Group_Wait_TCP_Message_Timeout_Test_Test::TEST_EspDriver_Test_Group_Wait_TCP_Message_Timeout_Test_Test()	16	static
esp8266_test.cpp:691:1:virtual Utest* TEST_EspDriver_Test_Group_Wait_TCP_Message_Timeout_Test_TestShell::createTest()	24	static
esp8266_test.cpp:691:1:TEST_EspDriver_Test_Group_Wait_TCP_Message_Timeout_Test_TestShell::TEST_EspDriver_Test_Group_Wait_TCP_Message_Timeout_Test_TestShell()	16	static
esp8266_test.cpp:691:1:virtual void TEST_EspDriver_Test_Group_Wait_TCP_Message_Timeout_Test_Test::testBody()	104	static
esp8266_test.cpp:708:1:TEST_EspDriver_Test_Group_Wait_TCP_Message_Test_Test::TEST_EspDriver_Test_Group_Wait_TCP_Message_Test_Test()	16	static
esp8266_test.cpp:708:1:virtual Utest* TEST_EspDriver_Test_Group_Wait_TCP_Message_Test_TestShell::createTest()	24	static
esp8266_test.cpp:708:1:TEST_EspDriver_Test_Group_Wait_TCP_Message_Test_TestShell::TEST_EspDriver_Test_Group_Wait_TCP_Message_Test_TestShell()	16	static
esp8266_test.cpp:708:1:virtual void TEST_EspDriver_Test_Group_Wait_TCP_Message_Test_Test::testBody()	160	static
esp8266_test.cpp:735:1:TEST_EspDriver_Test_Group_Send_TCP_Bytes_Test_Test::TEST_EspDriver_Test_Group_Send_TCP_Bytes_Test_Test()	16	static
esp8266_test.cpp:735:1:virtual Utest* TEST_EspDriver_Test_Group_Send_TCP_Bytes_Test_TestShell::createTest()	24	static
esp8266_test.cpp:735:1:TEST_EspDriver_Test_Group_Send_TCP_Bytes_Test_TestShell::TEST_EspDriver_Test_Group_Send_TCP_Bytes_Test_TestShell()	16	static
esp8266_test.cpp:735:1:virtual void TEST_EspDriver_Test_Group_Send_TCP_Bytes_Test_Test::testBody()	160	static
esp8266_test.cpp:735:1:TEST_EspDriver_Test_Group_Send_TCP_Bytes_Test_TestShell::~TEST_EspDriver_Test_Group_Send_TCP_Bytes_Test_TestShell()	16	static
esp8266_test.cpp:735:1:virtual TEST_EspDriver_Test_Group_Send_TCP_Bytes_Test_TestShell::~TEST_EspDriver_Test_Group_Send_TCP_Bytes_Test_TestShell()	16	static
esp8266_test.cpp:735:1:TEST_EspDriver_Test_Group_Send_TCP_Bytes_Test_Test::~TEST_EspDriver_Test_Group_Send_TCP_Bytes_Test_Test()	16	static
esp8266_test.cpp:735:1:virtual TEST_EspDriver_Test_Group_Send_TCP_Bytes_Test_Test::~TEST_EspDriver_Test_Group_Send_TCP_Bytes_Test_Test()	16	static
esp8266_test.cpp:708:1:TEST_EspDriver_Test_Group_Wait_TCP_Message_Test_TestShell::~TEST_EspDriver_Test_Group_Wait_TCP_Message_Test_TestShell()	16	static
esp8266_test.cpp:708:1:virtual TEST_EspDriver_Test_Group_Wait_TCP_Message_Test_TestShell::~TEST_EspDriver_Test_Group_Wait_TCP_Message_Test_TestShell()	16	static
esp8266_test.cpp:708:1:TEST_EspDriver_Test_Group_Wait_TCP_Message_Test_Test::~TEST_EspDriver_Test_Group_Wait_TCP_Message_Test_Test()	16	static
esp8266_test.cpp:708:1:virtual TEST_EspDriver_Test_Group_Wait_TCP_Message_Test_Test::~TEST_EspDriver_Test_Group_Wait_TCP_Message_Test_Test()	16	static
esp8266_test.cpp:691:1:TEST_EspDriver_Test_Group_Wait_TCP_Message_Timeout_Test_TestShell::~TEST_EspDriver_Test_Group_Wait_TCP_Message_Timeout_Test_TestShell()	16	static
esp8266_test.cpp:691:1:virtual TEST_EspDriver_Test_Group_Wait_TCP_Message_Timeout_Test_TestShell::~TEST_EspDriver_Test_Group_Wait_TCP_Message_Timeout_Test_TestShell()	16	static
esp8266_test.cpp:691:1:TEST_EspDriver_Test_Group_Wait_TCP_Message_Timeout_Test_Test::~TEST_EspDriver_Test_Group_Wait_TCP_Message_Timeout_Test_Test()	16	static
esp8266_test.cpp:691:1:virtual TEST_EspDriver_Test_Group_Wait_TCP_Message_Timeout_Test_Test::~TEST_EspDriver_Test_Group_Wait_TCP_Message_Timeout_Test_Test()	16	static
esp8266_test.cpp:669:1:TEST_EspDriver_Test_Group_Read_TCP_Message_Test_TestShell::~TEST_EspDriver_Test_Group_Read_TCP_Message_Test_TestShell()	16	static
esp8266_test.cpp:669:1:virtual TEST_EspDriver_Test_Group_Read_TCP_Message_Test_TestShell::~TEST_EspDriver_Test_Group_Read_TCP_Message_Test_TestShell()	16	static
esp8266_test.cpp:669:1:TEST_EspDriver_Test_Group_Read_TCP_Message_Test_Test::~TEST_EspDriver_Test_Group_Read_TCP_Message_Test_Test()	16	static
esp8266_test.cpp:669:1:virtual TEST_EspDriver_Test_Group_Read_TCP_Message_Test_Test::~TEST_EspDriver_Test_Group_Read_TCP_Message_Test_Test()	16	static
esp8266_test.cpp:632:1:TEST_EspDriver_Test_Group_Send_TCP_Message_Test_TestShell::~TEST_EspDriver_Test_Group_Send_TCP_Message_Test_TestShell()	16	static
esp8266_test.cpp:632:1:virtual TEST_EspDriver_Test_Group_Send_TCP_Message_Test_TestShell::~TEST_EspDriver_Test_Group_Send_TCP_Message_Test_TestShell()	16	static
esp8266_test.cpp:632:1:TEST_EspDriver_Test_Group_Send_TCP_Message_Test_Test::~TEST_EspDriver_Test_Group_Send_TCP_Message_Test_Test()	16	static
esp8266_test.cpp:632:1:virtual TEST_EspDriver_Test_Group_Send_TCP_Message_Test_Test::~TEST_EspDriver_Test_Group_Send_TCP_Message_Test_Test()	16	static
esp8266_test.cpp:607:1:TEST_EspDriver_Test_Group_Disconnect_TCP_Test_TestShell::~TEST_EspDriver_Test_Group_Disconnect_TCP_Test_TestShell()	16	static
esp8266_test.cpp:607:1:virtual TEST_EspDriver_Test_Group_Disconnect_TCP_Test_TestShell::~TEST_EspDriver_Test_Group_Disconnect_TCP_Test_TestShell()	16	static
esp8266_test.cpp:607:1:TEST_EspDriver_Test_Group_Disconnect_TCP_Test_Test::~TEST_EspDriver_Test_Group_Disconnect_TCP_Test_Test()	16	static
esp8266_test.cpp:607:1:virtual TEST_EspDriver_Test_Group_Disconnect_TCP_Test_Test::~TEST_EspDriver_Test_Group_Disconnect_TCP_Test_Test()	16	static
esp8266_test.cpp:563:1:TEST_EspDriver_Test_Group_Connect_TCP_Error_Test_TestShell::~TEST_EspDriver_Test_Group_Connect_TCP_Error_Test_TestShell()	16	static
esp8266_test.cpp:563:1:virtual TEST_EspDriver_Test_Group_Connect_TCP_Error_Test_TestShell::~TEST_EspDriver_Test_Group_Connect_TCP_Error_Test_TestShell()	16	static
esp8266_test.cpp:563:1:TEST_EspDriver_Test_Group_Connect_TCP_Error_Test_Test::~TEST_EspDriver_Test_Group_Connect_TCP_Error_Test_Test()	16	static
esp8266_test.cpp:563:1:virtual TEST_EspDriver_Test_Group_Connect_TCP_Error_Test_Test::~TEST_EspDriver_Test_Group_Connect_TCP_Error_Test_Test()	16	static
esp8266_test.cpp:536:1:TEST_EspDriver_Test_Group_Connect_TCP_Timeout_Test_TestShell::~TEST_EspDriver_Test_Group_Connect_TCP_Timeout_Test_TestShell()	16	static
esp8266_test.cpp:536:1:virtual TEST_EspDriver_Test_Group_Connect_TCP_Timeout_Test_TestShell::~TEST_EspDriver_Test_Group_Connect_TCP_Timeout_Test_TestShell()	16	static
esp8266_test.cpp:536:1:TEST_EspDriver_Test_Group_Connect_TCP_Timeout_Test_Test::~TEST_EspDriver_Test_Group_Connect_TCP_Timeout_Test_Test()	16	static
esp8266_test.cpp:536:1:virtual TEST_EspDriver_Test_Group_Connect_TCP_Timeout_Test_Test::~TEST_EspDriver_Test_Group_Connect_TCP_Timeout_Test_Test()	16	static
esp8266_test.cpp:492:1:TEST_EspDriver_Test_Group_Connect_TCP_Test_TestShell::~TEST_EspDriver_Test_Group_Connect_TCP_Test_TestShell()	16	static
esp8266_test.cpp:492:1:virtual TEST_EspDriver_Test_Group_Connect_TCP_Test_TestShell::~TEST_EspDriver_Test_Group_Connect_TCP_Test_TestShell()	16	static
esp8266_test.cpp:492:1:TEST_EspDriver_Test_Group_Connect_TCP_Test_Test::~TEST_EspDriver_Test_Group_Connect_TCP_Test_Test()	16	static
esp8266_test.cpp:492:1:virtual TEST_EspDriver_Test_Group_Connect_TCP_Test_Test::~TEST_EspDriver_Test_Group_Connect_TCP_Test_Test()	16	static
esp8266_test.cpp:448:1:TEST_EspDriver_Test_Group_Command_Process_Test_TestShell::~TEST_EspDriver_Test_Group_Command_Process_Test_TestShell()	16	static
esp8266_test.cpp:448:1:virtual TEST_EspDriver_Test_Group_Command_Process_Test_TestShell::~TEST_EspDriver_Test_Group_Command_Process_Test_TestShell()	16	static
esp8266_test.cpp:448:1:TEST_EspDriver_Test_Group_Command_Process_Test_Test::~TEST_EspDriver_Test_Group_Command_Process_Test_Test()	16	static
esp8266_test.cpp:448:1:virtual TEST_EspDriver_Test_Group_Command_Process_Test_Test::~TEST_EspDriver_Test_Group_Command_Process_Test_Test()	16	static
esp8266_test.cpp:424:1:TEST_EspDriver_Test_Group_Disconnect_Wifi_Test_TestShell::~TEST_EspDriver_Test_Group_Disconnect_Wifi_Test_TestShell()	16	static
esp8266_test.cpp:424:1:virtual TEST_EspDriver_Test_Group_Disconnect_Wifi_Test_TestShell::~TEST_EspDriver_Test_Group_Disconnect_Wifi_Test_TestShell()	16	static
esp8266_test.cpp:424:1:TEST_EspDriver_Test_Group_Disconnect_Wifi_Test_Test::~TEST_EspDriver_Test_Group_Disconnect_Wifi_Test_Test()	16	static
esp8266_test.cpp:424:1:virtual TEST_EspDriver_Test_Group_Disconnect_Wifi_Test_Test::~TEST_EspDriver_Test_Group_Disconnect_Wifi_Test_Test()	16	static
esp8266_test.cpp:406:1:TEST_EspDriver_Test_Group_Disconnect_Wifi_Timeout_Test_TestShell::~TEST_EspDriver_Test_Group_Disconnect_Wifi_Timeout_Test_TestShell()	16	static
esp8266_test.cpp:406:1:virtual TEST_EspDriver_Test_Group_Disconnect_Wifi_Timeout_Test_TestShell::~TEST_EspDriver_Test_Group_Disconnect_Wifi_Timeout_Test_TestShell()	16	static
esp8266_test.cpp:406:1:TEST_EspDriver_Test_Group_Disconnect_Wifi_Timeout_Test_Test::~TEST_EspDriver_Test_Group_Disconnect_Wifi_Timeout_Test_Test()	16	static
esp8266_test.cpp:406:1:virtual TEST_EspDriver_Test_Group_Disconnect_Wifi_Timeout_Test_Test::~TEST_EspDriver_Test_Group_Disconnect_Wifi_Timeout_Test_Test()	16	static
esp8266_test.cpp:362:1:TEST_EspDriver_Test_Group_Connect_Wifi_Test_TestShell::~TEST_EspDriver_Test_Group_Connect_Wifi_Test_TestShell()	16	static
esp8266_test.cpp:362:1:virtual TEST_EspDriver_Test_Group_Connect_Wifi_Test_TestShell::~TEST_EspDriver_Test_Group_Connect_Wifi_Test_TestShell()	16	static
esp8266_test.cpp:362:1:TEST_EspDriver_Test_Group_Connect_Wifi_Test_Test::~TEST_EspDriver_Test_Group_Connect_Wifi_Test_Test()	16	static
esp8266_test.cpp:362:1:virtual TEST_EspDriver_Test_Group_Connect_Wifi_Test_Test::~TEST_EspDriver_Test_Group_Connect_Wifi_Test_Test()	16	static
esp8266_test.cpp:318:1:TEST_EspDriver_Test_Group_Connect_Wifi_Error_Test_TestShell::~TEST_EspDriver_Test_Group_Connect_Wifi_Error_Test_TestShell()	16	static
esp8266_test.cpp:318:1:virtual TEST_EspDriver_Test_Group_Connect_Wifi_Error_Test_TestShell::~TEST_EspDriver_Test_Group_Connect_Wifi_Error_Test_TestShell()	16	static
esp8266_test.cpp:318:1:TEST_EspDriver_Test_Group_Connect_Wifi_Error_Test_Test::~TEST_EspDriver_Test_Group_Connect_Wifi_Error_Test_Test()	16	static
esp8266_test.cpp:318:1:virtual TEST_EspDriver_Test_Group_Connect_Wifi_Error_Test_Test::~TEST_EspDriver_Test_Group_Connect_Wifi_Error_Test_Test()	16	static
esp8266_test.cpp:295:1:TEST_EspDriver_Test_Group_Connect_Wifi_Timeout_Test_TestShell::~TEST_EspDriver_Test_Group_Connect_Wifi_Timeout_Test_TestShell()	16	static
esp8266_test.cpp:295:1:virtual TEST_EspDriver_Test_Group_Connect_Wifi_Timeout_Test_TestShell::~TEST_EspDriver_Test_Group_Connect_Wifi_Timeout_Test_TestShell()	16	static
esp8266_test.cpp:295:1:TEST_EspDriver_Test_Group_Connect_Wifi_Timeout_Test_Test::~TEST_EspDriver_Test_Group_Connect_Wifi_Timeout_Test_Test()	16	static
esp8266_test.cpp:295:1:virtual TEST_EspDriver_Test_Group_Connect_Wifi_Timeout_Test_Test::~TEST_EspDriver_Test_Group_Connect_Wifi_Timeout_Test_Test()	16	static
esp8266_test.cpp:273:1:TEST_EspDriver_Test_Group_Wait_Response_Test_TestShell::~TEST_EspDriver_Test_Group_Wait_Response_Test_TestShell()	16	static
esp8266_test.cpp:273:1:virtual TEST_EspDriver_Test_Group_Wait_Response_Test_TestShell::~TEST_EspDriver_Test_Group_Wait_Response_Test_TestShell()	16	static
esp8266_test.cpp:273:1:TEST_EspDriver_Test_Group_Wait_Response_Test_Test::~TEST_EspDriver_Test_Group_Wait_Response_Test_Test()	16	static
esp8266_test.cpp:273:1:virtual TEST_EspDriver_Test_Group_Wait_Response_Test_Test::~TEST_EspDriver_Test_Group_Wait_Response_Test_Test()	16	static
esp8266_test.cpp:257:1:TEST_EspDriver_Test_Group_Wait_Response_Timeout_Test_TestShell::~TEST_EspDriver_Test_Group_Wait_Response_Timeout_Test_TestShell()	16	static
esp8266_test.cpp:257:1:virtual TEST_EspDriver_Test_Group_Wait_Response_Timeout_Test_TestShell::~TEST_EspDriver_Test_Group_Wait_Response_Timeout_Test_TestShell()	16	static
esp8266_test.cpp:257:1:TEST_EspDriver_Test_Group_Wait_Response_Timeout_Test_Test::~TEST_EspDriver_Test_Group_Wait_Response_Timeout_Test_Test()	16	static
esp8266_test.cpp:257:1:virtual TEST_EspDriver_Test_Group_Wait_Response_Timeout_Test_Test::~TEST_EspDriver_Test_Group_Wait_Response_Timeout_Test_Test()	16	static
esp8266_test.cpp:240:1:TEST_EspDriver_Test_Group_Read_Response_Test_TestShell::~TEST_EspDriver_Test_Group_Read_Response_Test_TestShell()	16	static
esp8266_test.cpp:240:1:virtual TEST_EspDriver_Test_Group_Read_Response_Test_TestShell::~TEST_EspDriver_Test_Group_Read_Response_Test_TestShell()	16	static
esp8266_test.cpp:240:1:TEST_EspDriver_Test_Group_Read_Response_Test_Test::~TEST_EspDriver_Test_Group_Read_Response_Test_Test()	16	static
esp8266_test.cpp:240:1:virtual TEST_EspDriver_Test_Group_Read_Response_Test_Test::~TEST_EspDriver_Test_Group_Read_Response_Test_Test()	16	static
esp8266_test.cpp:225:1:TEST_EspDriver_Test_Group_UART_Receive_Handler_Test_TestShell::~TEST_EspDriver_Test_Group_UART_Receive_Handler_Test_TestShell()	16	static
esp8266_test.cpp:225:1:virtual TEST_EspDriver_Test_Group_UART_Receive_Handler_Test_TestShell::~TEST_EspDriver_Test_Group_UART_Receive_Handler_Test_TestShell()	16	static
esp8266_test.cpp:225:1:TEST_EspDriver_Test_Group_UART_Receive_Handler_Test_Test::~TEST_EspDriver_Test_Group_UART_Receive_Handler_Test_Test()	16	static
esp8266_test.cpp:225:1:virtual TEST_EspDriver_Test_Group_UART_Receive_Handler_Test_Test::~TEST_EspDriver_Test_Group_UART_Receive_Handler_Test_Test()	16	static
esp8266_test.cpp:213:1:TEST_EspDriver_Test_Group_Send_AT_Command_Test_TestShell::~TEST_EspDriver_Test_Group_Send_AT_Command_Test_TestShell()	16	static
esp8266_test.cpp:213:1:virtual TEST_EspDriver_Test_Group_Send_AT_Command_Test_TestShell::~TEST_EspDriver_Test_Group_Send_AT_Command_Test_TestShell()	16	static
esp8266_test.cpp:213:1:TEST_EspDriver_Test_Group_Send_AT_Command_Test_Test::~TEST_EspDriver_Test_Group_Send_AT_Command_Test_Test()	16	static
esp8266_test.cpp:213:1:virtual TEST_EspDriver_Test_Group_Send_AT_Command_Test_Test::~TEST_EspDriver_Test_Group_Send_AT_Command_Test_Test()	16	static
esp8266_test.cpp:195:1:TEST_EspDriver_Test_Group_Esp_Init_Test_TestShell::~TEST_EspDriver_Test_Group_Esp_Init_Test_TestShell()	16	static
esp8266_test.cpp:195:1:virtual TEST_EspDriver_Test_Group_Esp_Init_Test_TestShell::~TEST_EspDriver_Test_Group_Esp_Init_Test_TestShell()	16	static
esp8266_test.cpp:195:1:TEST_EspDriver_Test_Group_Esp_Init_Test_Test::~TEST_EspDriver_Test_Group_Esp_Init_Test_Test()	16	static
esp8266_test.cpp:195:1:virtual TEST_EspDriver_Test_Group_Esp_Init_Test_Test::~TEST_EspDriver_Test_Group_Esp_Init_Test_Test()	16	static
esp8266_test.cpp:136:1:TEST_RingBuffer_Test_Group_CapacityTest_TestShell::~TEST_RingBuffer_Test_Group_CapacityTest_TestShell()	16	static
esp8266_test.cpp:136:1:virtual TEST_RingBuffer_Test_Group_CapacityTest_TestShell::~TEST_RingBuffer_Test_Group_CapacityTest_TestShell()	16	static
esp8266_test.cpp:136:1:TEST_RingBuffer_Test_Group_CapacityTest_Test::~TEST_RingBuffer_Test_Group_CapacityTest_Test()	16	static
esp8266_test.cpp:136:1:virtual TEST_RingBuffer_Test_Group_CapacityTest_Test::~TEST_RingBuffer_Test_Group_CapacityTest_Test()	16	static
esp8266_test.cpp:128:1:TEST_RingBuffer_Test_Group_LookForTest_TestShell::~TEST_RingBuffer_Test_Group_LookForTest_TestShell()	16	static
esp8266_test.cpp:128:1:virtual TEST_RingBuffer_Test_Group_LookForTest_TestShell::~TEST_RingBuffer_Test_Group_LookForTest_TestShell()	16	static
esp8266_test.cpp:128:1:TEST_RingBuffer_Test_Group_LookForTest_Test::~TEST_RingBuffer_Test_Group_LookForTest_Test()	16	static
esp8266_test.cpp:128:1:virtual TEST_RingBuffer_Test_Group_LookForTest_Test::~TEST_RingBuffer_Test_Group_LookForTest_Test()	16	static
esp8266_test.cpp:121:1:TEST_RingBuffer_Test_Group_PushArrayTest_TestShell::~TEST_RingBuffer_Test_Group_PushArrayTest_TestShell()	16	static
esp8266_test.cpp:121:1:virtual TEST_RingBuffer_Test_Group_PushArrayTest_TestShell::~TEST_RingBuffer_Test_Group_PushArrayTest_TestShell()	16	static
esp8266_test.cpp:121:1:TEST_RingBuffer_Test_Group_PushArrayTest_Test::~TEST_RingBuffer_Test_Group_PushArrayTest_Test()	16	static
esp8266_test.cpp:121:1:virtual TEST_RingBuffer_Test_Group_PushArrayTest_Test::~TEST_RingBuffer_Test_Group_PushArrayTest_Test()	16	static
esp8266_test.cpp:100:1:TEST_RingBuffer_Test_Group_BufferFlushTest_TestShell::~TEST_RingBuffer_Test_Group_BufferFlushTest_TestShell()	16	static
esp8266_test.cpp:100:1:virtual TEST_RingBuffer_Test_Group_BufferFlushTest_TestShell::~TEST_RingBuffer_Test_Group_BufferFlushTest_TestShell()	16	static
esp8266_test.cpp:100:1:TEST_RingBuffer_Test_Group_BufferFlushTest_Test::~TEST_RingBuffer_Test_Group_BufferFlushTest_Test()	16	static
esp8266_test.cpp:100:1:virtual TEST_RingBuffer_Test_Group_BufferFlushTest_Test::~TEST_RingBuffer_Test_Group_BufferFlushTest_Test()	16	static
esp8266_test.cpp:84:1:TEST_RingBuffer_Test_Group_PopBufferOverFlowTest_TestShell::~TEST_RingBuffer_Test_Group_PopBufferOverFlowTest_TestShell()	16	static
esp8266_test.cpp:84:1:virtual TEST_RingBuffer_Test_Group_PopBufferOverFlowTest_TestShell::~TEST_RingBuffer_Test_Group_PopBufferOverFlowTest_TestShell()	16	static
esp8266_test.cpp:84:1:TEST_RingBuffer_Test_Group_PopBufferOverFlowTest_Test::~TEST_RingBuffer_Test_Group_PopBufferOverFlowTest_Test()	16	static
esp8266_test.cpp:84:1:virtual TEST_RingBuffer_Test_Group_PopBufferOverFlowTest_Test::~TEST_RingBuffer_Test_Group_PopBufferOverFlowTest_Test()	16	static
esp8266_test.cpp:75:1:TEST_RingBuffer_Test_Group_PopDataTests_TestShell::~TEST_RingBuffer_Test_Group_PopDataTests_TestShell()	16	static
esp8266_test.cpp:75:1:virtual TEST_RingBuffer_Test_Group_PopDataTests_TestShell::~TEST_RingBuffer_Test_Group_PopDataTests_TestShell()	16	static
esp8266_test.cpp:75:1:TEST_RingBuffer_Test_Group_PopDataTests_Test::~TEST_RingBuffer_Test_Group_PopDataTests_Test()	16	static
esp8266_test.cpp:75:1:virtual TEST_RingBuffer_Test_Group_PopDataTests_Test::~TEST_RingBuffer_Test_Group_PopDataTests_Test()	16	static
esp8266_test.cpp:64:1:TEST_RingBuffer_Test_Group_BufferOverflowTest_TestShell::~TEST_RingBuffer_Test_Group_BufferOverflowTest_TestShell()	16	static
esp8266_test.cpp:64:1:virtual TEST_RingBuffer_Test_Group_BufferOverflowTest_TestShell::~TEST_RingBuffer_Test_Group_BufferOverflowTest_TestShell()	16	static
esp8266_test.cpp:64:1:TEST_RingBuffer_Test_Group_BufferOverflowTest_Test::~TEST_RingBuffer_Test_Group_BufferOverflowTest_Test()	16	static
esp8266_test.cpp:64:1:virtual TEST_RingBuffer_Test_Group_BufferOverflowTest_Test::~TEST_RingBuffer_Test_Group_BufferOverflowTest_Test()	16	static
esp8266_test.cpp:54:1:TEST_RingBuffer_Test_Group_PushDataTests_TestShell::~TEST_RingBuffer_Test_Group_PushDataTests_TestShell()	16	static
esp8266_test.cpp:54:1:virtual TEST_RingBuffer_Test_Group_PushDataTests_TestShell::~TEST_RingBuffer_Test_Group_PushDataTests_TestShell()	16	static
esp8266_test.cpp:54:1:TEST_RingBuffer_Test_Group_PushDataTests_Test::~TEST_RingBuffer_Test_Group_PushDataTests_Test()	16	static
esp8266_test.cpp:54:1:virtual TEST_RingBuffer_Test_Group_PushDataTests_Test::~TEST_RingBuffer_Test_Group_PushDataTests_Test()	16	static
esp8266_test.cpp:44:1:TEST_RingBuffer_Test_Group_InitTest_TestShell::~TEST_RingBuffer_Test_Group_InitTest_TestShell()	16	static
esp8266_test.cpp:44:1:virtual TEST_RingBuffer_Test_Group_InitTest_TestShell::~TEST_RingBuffer_Test_Group_InitTest_TestShell()	16	static
esp8266_test.cpp:44:1:TEST_RingBuffer_Test_Group_InitTest_Test::~TEST_RingBuffer_Test_Group_InitTest_Test()	16	static
esp8266_test.cpp:44:1:virtual TEST_RingBuffer_Test_Group_InitTest_Test::~TEST_RingBuffer_Test_Group_InitTest_Test()	16	static
esp8266_test.cpp:773:1:void __static_initialization_and_destruction_0(int, int)	24	static
esp8266_test.cpp:773:1:cpp)	8	static
esp8266_test.cpp:773:1:cpp)	8	static
