mqtt_test.cpp:23:7:virtual void TEST_GROUP_CppUTestGroupMqttTestGroup::setup()	16	static
mqtt_test.cpp:28:7:virtual void TEST_GROUP_CppUTestGroupMqttTestGroup::teardown()	16	static
mqtt_test.cpp:20:1:TEST_GROUP_CppUTestGroupMqttTestGroup::TEST_GROUP_CppUTestGroupMqttTestGroup()	16	static
mqtt_test.cpp:20:1:TEST_GROUP_CppUTestGroupMqttTestGroup::~TEST_GROUP_CppUTestGroupMqttTestGroup()	16	static
mqtt_test.cpp:20:1:virtual TEST_GROUP_CppUTestGroupMqttTestGroup::~TEST_GROUP_CppUTestGroupMqttTestGroup()	16	static
mqtt_test.cpp:34:1:TEST_MqttTestGroup_ConnectPacketTest_Test::TEST_MqttTestGroup_ConnectPacketTest_Test()	16	static
mqtt_test.cpp:34:1:virtual Utest* TEST_MqttTestGroup_ConnectPacketTest_TestShell::createTest()	24	static
mqtt_test.cpp:34:1:TEST_MqttTestGroup_ConnectPacketTest_TestShell::TEST_MqttTestGroup_ConnectPacketTest_TestShell()	16	static
mqtt_test.cpp:34:1:virtual void TEST_MqttTestGroup_ConnectPacketTest_Test::testBody()	232	static
mqtt_test.cpp:34:1:TEST_MqttTestGroup_ConnectPacketTest_TestShell::~TEST_MqttTestGroup_ConnectPacketTest_TestShell()	16	static
mqtt_test.cpp:34:1:virtual TEST_MqttTestGroup_ConnectPacketTest_TestShell::~TEST_MqttTestGroup_ConnectPacketTest_TestShell()	16	static
mqtt_test.cpp:34:1:TEST_MqttTestGroup_ConnectPacketTest_Test::~TEST_MqttTestGroup_ConnectPacketTest_Test()	16	static
mqtt_test.cpp:34:1:virtual TEST_MqttTestGroup_ConnectPacketTest_Test::~TEST_MqttTestGroup_ConnectPacketTest_Test()	16	static
mqtt_test.cpp:70:1:void __static_initialization_and_destruction_0(int, int)	24	static
mqtt_test.cpp:70:1:cpp)	8	static
mqtt_test.cpp:70:1:cpp)	8	static
