mqtt_test.cpp:23:7:virtual void TEST_GROUP_CppUTestGroupMqttTestGroup::setup()	16	static
mqtt_test.cpp:28:7:virtual void TEST_GROUP_CppUTestGroupMqttTestGroup::teardown()	16	static
mqtt_test.cpp:20:1:TEST_GROUP_CppUTestGroupMqttTestGroup::TEST_GROUP_CppUTestGroupMqttTestGroup()	16	static
mqtt_test.cpp:20:1:TEST_GROUP_CppUTestGroupMqttTestGroup::~TEST_GROUP_CppUTestGroupMqttTestGroup()	16	static
mqtt_test.cpp:20:1:virtual TEST_GROUP_CppUTestGroupMqttTestGroup::~TEST_GROUP_CppUTestGroupMqttTestGroup()	16	static
mqtt_test.cpp:34:1:TEST_MqttTestGroup_ConnectPacketTest_Test::TEST_MqttTestGroup_ConnectPacketTest_Test()	16	static
mqtt_test.cpp:34:1:virtual Utest* TEST_MqttTestGroup_ConnectPacketTest_TestShell::createTest()	24	static
mqtt_test.cpp:34:1:TEST_MqttTestGroup_ConnectPacketTest_TestShell::TEST_MqttTestGroup_ConnectPacketTest_TestShell()	16	static
mqtt_test.cpp:34:1:virtual void TEST_MqttTestGroup_ConnectPacketTest_Test::testBody()	232	static
mqtt_test.cpp:73:1:TEST_MqttTestGroup_SubscribePacketTest_Test::TEST_MqttTestGroup_SubscribePacketTest_Test()	16	static
mqtt_test.cpp:73:1:virtual Utest* TEST_MqttTestGroup_SubscribePacketTest_TestShell::createTest()	24	static
mqtt_test.cpp:73:1:TEST_MqttTestGroup_SubscribePacketTest_TestShell::TEST_MqttTestGroup_SubscribePacketTest_TestShell()	16	static
mqtt_test.cpp:73:1:virtual void TEST_MqttTestGroup_SubscribePacketTest_Test::testBody()	240	static
mqtt_test.cpp:110:1:TEST_MqttTestGroup_PublishPacketTest_Test::TEST_MqttTestGroup_PublishPacketTest_Test()	16	static
mqtt_test.cpp:110:1:virtual Utest* TEST_MqttTestGroup_PublishPacketTest_TestShell::createTest()	24	static
mqtt_test.cpp:110:1:TEST_MqttTestGroup_PublishPacketTest_TestShell::TEST_MqttTestGroup_PublishPacketTest_TestShell()	16	static
mqtt_test.cpp:110:1:virtual void TEST_MqttTestGroup_PublishPacketTest_Test::testBody()	352	static
mqtt_test.cpp:110:1:TEST_MqttTestGroup_PublishPacketTest_TestShell::~TEST_MqttTestGroup_PublishPacketTest_TestShell()	16	static
mqtt_test.cpp:110:1:virtual TEST_MqttTestGroup_PublishPacketTest_TestShell::~TEST_MqttTestGroup_PublishPacketTest_TestShell()	16	static
mqtt_test.cpp:110:1:TEST_MqttTestGroup_PublishPacketTest_Test::~TEST_MqttTestGroup_PublishPacketTest_Test()	16	static
mqtt_test.cpp:110:1:virtual TEST_MqttTestGroup_PublishPacketTest_Test::~TEST_MqttTestGroup_PublishPacketTest_Test()	16	static
mqtt_test.cpp:73:1:TEST_MqttTestGroup_SubscribePacketTest_TestShell::~TEST_MqttTestGroup_SubscribePacketTest_TestShell()	16	static
mqtt_test.cpp:73:1:virtual TEST_MqttTestGroup_SubscribePacketTest_TestShell::~TEST_MqttTestGroup_SubscribePacketTest_TestShell()	16	static
mqtt_test.cpp:73:1:TEST_MqttTestGroup_SubscribePacketTest_Test::~TEST_MqttTestGroup_SubscribePacketTest_Test()	16	static
mqtt_test.cpp:73:1:virtual TEST_MqttTestGroup_SubscribePacketTest_Test::~TEST_MqttTestGroup_SubscribePacketTest_Test()	16	static
mqtt_test.cpp:34:1:TEST_MqttTestGroup_ConnectPacketTest_TestShell::~TEST_MqttTestGroup_ConnectPacketTest_TestShell()	16	static
mqtt_test.cpp:34:1:virtual TEST_MqttTestGroup_ConnectPacketTest_TestShell::~TEST_MqttTestGroup_ConnectPacketTest_TestShell()	16	static
mqtt_test.cpp:34:1:TEST_MqttTestGroup_ConnectPacketTest_Test::~TEST_MqttTestGroup_ConnectPacketTest_Test()	16	static
mqtt_test.cpp:34:1:virtual TEST_MqttTestGroup_ConnectPacketTest_Test::~TEST_MqttTestGroup_ConnectPacketTest_Test()	16	static
mqtt_test.cpp:149:1:void __static_initialization_and_destruction_0(int, int)	24	static
mqtt_test.cpp:149:1:cpp)	8	static
mqtt_test.cpp:149:1:cpp)	8	static
