MockExpectedCall.h:59:23:MockExpectedCall& MockExpectedCall::withParameter(const SimpleString&, const unsigned char*, size_t)	32	static
mqtt_test.cpp:27:7:virtual void TEST_GROUP_CppUTestGroupMqttTestGroup::setup()	16	static
mqtt_test.cpp:35:7:virtual void TEST_GROUP_CppUTestGroupMqttTestGroup::teardown()	32	static
mqtt_test.cpp:24:1:TEST_GROUP_CppUTestGroupMqttTestGroup::TEST_GROUP_CppUTestGroupMqttTestGroup()	16	static
mqtt_test.cpp:24:1:TEST_GROUP_CppUTestGroupMqttTestGroup::~TEST_GROUP_CppUTestGroupMqttTestGroup()	16	static
mqtt_test.cpp:24:1:virtual TEST_GROUP_CppUTestGroupMqttTestGroup::~TEST_GROUP_CppUTestGroupMqttTestGroup()	16	static
mqtt_test.cpp:42:1:TEST_MqttTestGroup_ConnectPacketTest_Test::TEST_MqttTestGroup_ConnectPacketTest_Test()	16	static
mqtt_test.cpp:42:1:virtual Utest* TEST_MqttTestGroup_ConnectPacketTest_TestShell::createTest()	24	static
mqtt_test.cpp:42:1:TEST_MqttTestGroup_ConnectPacketTest_TestShell::TEST_MqttTestGroup_ConnectPacketTest_TestShell()	16	static
mqtt_test.cpp:42:1:virtual void TEST_MqttTestGroup_ConnectPacketTest_Test::testBody()	232	static
mqtt_test.cpp:82:1:TEST_MqttTestGroup_SubscribePacketTest_Test::TEST_MqttTestGroup_SubscribePacketTest_Test()	16	static
mqtt_test.cpp:82:1:virtual Utest* TEST_MqttTestGroup_SubscribePacketTest_TestShell::createTest()	24	static
mqtt_test.cpp:82:1:TEST_MqttTestGroup_SubscribePacketTest_TestShell::TEST_MqttTestGroup_SubscribePacketTest_TestShell()	16	static
mqtt_test.cpp:82:1:virtual void TEST_MqttTestGroup_SubscribePacketTest_Test::testBody()	240	static
mqtt_test.cpp:119:1:TEST_MqttTestGroup_PublishPacketTest_Test::TEST_MqttTestGroup_PublishPacketTest_Test()	16	static
mqtt_test.cpp:119:1:virtual Utest* TEST_MqttTestGroup_PublishPacketTest_TestShell::createTest()	24	static
mqtt_test.cpp:119:1:TEST_MqttTestGroup_PublishPacketTest_TestShell::TEST_MqttTestGroup_PublishPacketTest_TestShell()	16	static
mqtt_test.cpp:119:1:virtual void TEST_MqttTestGroup_PublishPacketTest_Test::testBody()	352	static
mqtt_test.cpp:160:1:TEST_MqttTestGroup_MqttConnectBrokerTest_Test::TEST_MqttTestGroup_MqttConnectBrokerTest_Test()	16	static
mqtt_test.cpp:160:1:virtual Utest* TEST_MqttTestGroup_MqttConnectBrokerTest_TestShell::createTest()	24	static
mqtt_test.cpp:160:1:TEST_MqttTestGroup_MqttConnectBrokerTest_TestShell::TEST_MqttTestGroup_MqttConnectBrokerTest_TestShell()	16	static
mqtt_test.cpp:160:1:virtual void TEST_MqttTestGroup_MqttConnectBrokerTest_Test::testBody()	592	static
mqtt_test.cpp:216:1:TEST_MqttTestGroup_MqttPingRequestTest_Test::TEST_MqttTestGroup_MqttPingRequestTest_Test()	16	static
mqtt_test.cpp:216:1:virtual Utest* TEST_MqttTestGroup_MqttPingRequestTest_TestShell::createTest()	24	static
mqtt_test.cpp:216:1:TEST_MqttTestGroup_MqttPingRequestTest_TestShell::TEST_MqttTestGroup_MqttPingRequestTest_TestShell()	16	static
mqtt_test.cpp:216:1:virtual void TEST_MqttTestGroup_MqttPingRequestTest_Test::testBody()	192	static
mqtt_test.cpp:216:1:TEST_MqttTestGroup_MqttPingRequestTest_TestShell::~TEST_MqttTestGroup_MqttPingRequestTest_TestShell()	16	static
mqtt_test.cpp:216:1:virtual TEST_MqttTestGroup_MqttPingRequestTest_TestShell::~TEST_MqttTestGroup_MqttPingRequestTest_TestShell()	16	static
mqtt_test.cpp:216:1:TEST_MqttTestGroup_MqttPingRequestTest_Test::~TEST_MqttTestGroup_MqttPingRequestTest_Test()	16	static
mqtt_test.cpp:216:1:virtual TEST_MqttTestGroup_MqttPingRequestTest_Test::~TEST_MqttTestGroup_MqttPingRequestTest_Test()	16	static
mqtt_test.cpp:160:1:TEST_MqttTestGroup_MqttConnectBrokerTest_TestShell::~TEST_MqttTestGroup_MqttConnectBrokerTest_TestShell()	16	static
mqtt_test.cpp:160:1:virtual TEST_MqttTestGroup_MqttConnectBrokerTest_TestShell::~TEST_MqttTestGroup_MqttConnectBrokerTest_TestShell()	16	static
mqtt_test.cpp:160:1:TEST_MqttTestGroup_MqttConnectBrokerTest_Test::~TEST_MqttTestGroup_MqttConnectBrokerTest_Test()	16	static
mqtt_test.cpp:160:1:virtual TEST_MqttTestGroup_MqttConnectBrokerTest_Test::~TEST_MqttTestGroup_MqttConnectBrokerTest_Test()	16	static
mqtt_test.cpp:119:1:TEST_MqttTestGroup_PublishPacketTest_TestShell::~TEST_MqttTestGroup_PublishPacketTest_TestShell()	16	static
mqtt_test.cpp:119:1:virtual TEST_MqttTestGroup_PublishPacketTest_TestShell::~TEST_MqttTestGroup_PublishPacketTest_TestShell()	16	static
mqtt_test.cpp:119:1:TEST_MqttTestGroup_PublishPacketTest_Test::~TEST_MqttTestGroup_PublishPacketTest_Test()	16	static
mqtt_test.cpp:119:1:virtual TEST_MqttTestGroup_PublishPacketTest_Test::~TEST_MqttTestGroup_PublishPacketTest_Test()	16	static
mqtt_test.cpp:82:1:TEST_MqttTestGroup_SubscribePacketTest_TestShell::~TEST_MqttTestGroup_SubscribePacketTest_TestShell()	16	static
mqtt_test.cpp:82:1:virtual TEST_MqttTestGroup_SubscribePacketTest_TestShell::~TEST_MqttTestGroup_SubscribePacketTest_TestShell()	16	static
mqtt_test.cpp:82:1:TEST_MqttTestGroup_SubscribePacketTest_Test::~TEST_MqttTestGroup_SubscribePacketTest_Test()	16	static
mqtt_test.cpp:82:1:virtual TEST_MqttTestGroup_SubscribePacketTest_Test::~TEST_MqttTestGroup_SubscribePacketTest_Test()	16	static
mqtt_test.cpp:42:1:TEST_MqttTestGroup_ConnectPacketTest_TestShell::~TEST_MqttTestGroup_ConnectPacketTest_TestShell()	16	static
mqtt_test.cpp:42:1:virtual TEST_MqttTestGroup_ConnectPacketTest_TestShell::~TEST_MqttTestGroup_ConnectPacketTest_TestShell()	16	static
mqtt_test.cpp:42:1:TEST_MqttTestGroup_ConnectPacketTest_Test::~TEST_MqttTestGroup_ConnectPacketTest_Test()	16	static
mqtt_test.cpp:42:1:virtual TEST_MqttTestGroup_ConnectPacketTest_Test::~TEST_MqttTestGroup_ConnectPacketTest_Test()	16	static
mqtt_test.cpp:262:1:void __static_initialization_and_destruction_0(int, int)	24	static
mqtt_test.cpp:262:1:cpp)	8	static
mqtt_test.cpp:262:1:cpp)	8	static
