Archive member included to satisfy reference by file (symbol)

c:/st/stm32cubeide_1.6.0/stm32cubeide/plugins/com.st.stm32cube.ide.mcu.externaltools.gnu-tools-for-stm32.9-2020-q2-update.win32_1.5.0.202011040924/tools/bin/../lib/gcc/arm-none-eabi/9.3.1/../../../../arm-none-eabi/lib/thumb/v7e-m+fp/hard\libc_nano.a(lib_a-atoi.o)
                              ESP8266_Driver/esp8266.o (atoi)
c:/st/stm32cubeide_1.6.0/stm32cubeide/plugins/com.st.stm32cube.ide.mcu.externaltools.gnu-tools-for-stm32.9-2020-q2-update.win32_1.5.0.202011040924/tools/bin/../lib/gcc/arm-none-eabi/9.3.1/../../../../arm-none-eabi/lib/thumb/v7e-m+fp/hard\libc_nano.a(lib_a-calloc.o)
                              RingBuffer/ring_buffer.o (calloc)
c:/st/stm32cubeide_1.6.0/stm32cubeide/plugins/com.st.stm32cube.ide.mcu.externaltools.gnu-tools-for-stm32.9-2020-q2-update.win32_1.5.0.202011040924/tools/bin/../lib/gcc/arm-none-eabi/9.3.1/../../../../arm-none-eabi/lib/thumb/v7e-m+fp/hard\libc_nano.a(lib_a-errno.o)
                              Core/Src/syscalls.o (__errno)
c:/st/stm32cubeide_1.6.0/stm32cubeide/plugins/com.st.stm32cube.ide.mcu.externaltools.gnu-tools-for-stm32.9-2020-q2-update.win32_1.5.0.202011040924/tools/bin/../lib/gcc/arm-none-eabi/9.3.1/../../../../arm-none-eabi/lib/thumb/v7e-m+fp/hard\libc_nano.a(lib_a-exit.o)
                              c:/st/stm32cubeide_1.6.0/stm32cubeide/plugins/com.st.stm32cube.ide.mcu.externaltools.gnu-tools-for-stm32.9-2020-q2-update.win32_1.5.0.202011040924/tools/bin/../lib/gcc/arm-none-eabi/9.3.1/../../../../arm-none-eabi/lib/thumb/v7e-m+fp/hard/crt0.o (exit)
c:/st/stm32cubeide_1.6.0/stm32cubeide/plugins/com.st.stm32cube.ide.mcu.externaltools.gnu-tools-for-stm32.9-2020-q2-update.win32_1.5.0.202011040924/tools/bin/../lib/gcc/arm-none-eabi/9.3.1/../../../../arm-none-eabi/lib/thumb/v7e-m+fp/hard\libc_nano.a(lib_a-impure.o)
                              c:/st/stm32cubeide_1.6.0/stm32cubeide/plugins/com.st.stm32cube.ide.mcu.externaltools.gnu-tools-for-stm32.9-2020-q2-update.win32_1.5.0.202011040924/tools/bin/../lib/gcc/arm-none-eabi/9.3.1/../../../../arm-none-eabi/lib/thumb/v7e-m+fp/hard\libc_nano.a(lib_a-exit.o) (_global_impure_ptr)
c:/st/stm32cubeide_1.6.0/stm32cubeide/plugins/com.st.stm32cube.ide.mcu.externaltools.gnu-tools-for-stm32.9-2020-q2-update.win32_1.5.0.202011040924/tools/bin/../lib/gcc/arm-none-eabi/9.3.1/../../../../arm-none-eabi/lib/thumb/v7e-m+fp/hard\libc_nano.a(lib_a-init.o)
                              c:/st/stm32cubeide_1.6.0/stm32cubeide/plugins/com.st.stm32cube.ide.mcu.externaltools.gnu-tools-for-stm32.9-2020-q2-update.win32_1.5.0.202011040924/tools/bin/../lib/gcc/arm-none-eabi/9.3.1/../../../../arm-none-eabi/lib/thumb/v7e-m+fp/hard/crt0.o (__libc_init_array)
c:/st/stm32cubeide_1.6.0/stm32cubeide/plugins/com.st.stm32cube.ide.mcu.externaltools.gnu-tools-for-stm32.9-2020-q2-update.win32_1.5.0.202011040924/tools/bin/../lib/gcc/arm-none-eabi/9.3.1/../../../../arm-none-eabi/lib/thumb/v7e-m+fp/hard\libc_nano.a(lib_a-malloc.o)
                              RingBuffer/ring_buffer.o (malloc)
c:/st/stm32cubeide_1.6.0/stm32cubeide/plugins/com.st.stm32cube.ide.mcu.externaltools.gnu-tools-for-stm32.9-2020-q2-update.win32_1.5.0.202011040924/tools/bin/../lib/gcc/arm-none-eabi/9.3.1/../../../../arm-none-eabi/lib/thumb/v7e-m+fp/hard\libc_nano.a(lib_a-memset.o)
                              c:/st/stm32cubeide_1.6.0/stm32cubeide/plugins/com.st.stm32cube.ide.mcu.externaltools.gnu-tools-for-stm32.9-2020-q2-update.win32_1.5.0.202011040924/tools/bin/../lib/gcc/arm-none-eabi/9.3.1/../../../../arm-none-eabi/lib/thumb/v7e-m+fp/hard/crt0.o (memset)
c:/st/stm32cubeide_1.6.0/stm32cubeide/plugins/com.st.stm32cube.ide.mcu.externaltools.gnu-tools-for-stm32.9-2020-q2-update.win32_1.5.0.202011040924/tools/bin/../lib/gcc/arm-none-eabi/9.3.1/../../../../arm-none-eabi/lib/thumb/v7e-m+fp/hard\libc_nano.a(lib_a-nano-callocr.o)
                              c:/st/stm32cubeide_1.6.0/stm32cubeide/plugins/com.st.stm32cube.ide.mcu.externaltools.gnu-tools-for-stm32.9-2020-q2-update.win32_1.5.0.202011040924/tools/bin/../lib/gcc/arm-none-eabi/9.3.1/../../../../arm-none-eabi/lib/thumb/v7e-m+fp/hard\libc_nano.a(lib_a-calloc.o) (_calloc_r)
c:/st/stm32cubeide_1.6.0/stm32cubeide/plugins/com.st.stm32cube.ide.mcu.externaltools.gnu-tools-for-stm32.9-2020-q2-update.win32_1.5.0.202011040924/tools/bin/../lib/gcc/arm-none-eabi/9.3.1/../../../../arm-none-eabi/lib/thumb/v7e-m+fp/hard\libc_nano.a(lib_a-nano-freer.o)
                              c:/st/stm32cubeide_1.6.0/stm32cubeide/plugins/com.st.stm32cube.ide.mcu.externaltools.gnu-tools-for-stm32.9-2020-q2-update.win32_1.5.0.202011040924/tools/bin/../lib/gcc/arm-none-eabi/9.3.1/../../../../arm-none-eabi/lib/thumb/v7e-m+fp/hard\libc_nano.a(lib_a-malloc.o) (_free_r)
[...]
Memory Configuration

Name             Origin             Length             Attributes
RAM              0x0000000020000000 0x0000000000020000 xrw
FLASH            0x0000000008000000 0x0000000000080000 xr
*default*        0x0000000000000000 0xffffffffffffffff

Linker script and memory map

LOAD c:/st/stm32cubeide_1.6.0/stm32cubeide/plugins/com.st.stm32cube.ide.mcu.externaltools.gnu-tools-for-stm32.9-2020-q2-update.win32_1.5.0.202011040924/tools/bin/../lib/gcc/arm-none-eabi/9.3.1/thumb/v7e-m+fp/hard/crti.o
LOAD c:/st/stm32cubeide_1.6.0/stm32cubeide/plugins/com.st.stm32cube.ide.mcu.externaltools.gnu-tools-for-stm32.9-2020-q2-update.win32_1.5.0.202011040924/tools/bin/../lib/gcc/arm-none-eabi/9.3.1/thumb/v7e-m+fp/hard/crtbegin.o
LOAD c:/st/stm32cubeide_1.6.0/stm32cubeide/plugins/com.st.stm32cube.ide.mcu.externaltools.gnu-tools-for-stm32.9-2020-q2-update.win32_1.5.0.202011040924/tools/bin/../lib/gcc/arm-none-eabi/9.3.1/../../../../arm-none-eabi/lib/thumb/v7e-m+fp/hard/crt0.o
LOAD Core/Src/main.o
LOAD Core/Src/stm32g4xx_hal_msp.o
LOAD Core/Src/stm32g4xx_it.o
LOAD Core/Src/syscalls.o
LOAD Core/Src/sysmem.o
LOAD Core/Src/system_stm32g4xx.o
LOAD Core/Startup/startup_stm32g474retx.o
LOAD Drivers/STM32G4xx_HAL_Driver/Src/stm32g4xx_hal.o
LOAD Drivers/STM32G4xx_HAL_Driver/Src/stm32g4xx_hal_cortex.o
LOAD Drivers/STM32G4xx_HAL_Driver/Src/stm32g4xx_hal_dma.o
LOAD Drivers/STM32G4xx_HAL_Driver/Src/stm32g4xx_hal_dma_ex.o
LOAD Drivers/STM32G4xx_HAL_Driver/Src/stm32g4xx_hal_exti.o
LOAD Drivers/STM32G4xx_HAL_Driver/Src/stm32g4xx_hal_flash.o
LOAD Drivers/STM32G4xx_HAL_Driver/Src/stm32g4xx_hal_flash_ex.o
LOAD Drivers/STM32G4xx_HAL_Driver/Src/stm32g4xx_hal_flash_ramfunc.o
LOAD Drivers/STM32G4xx_HAL_Driver/Src/stm32g4xx_hal_gpio.o
LOAD Drivers/STM32G4xx_HAL_Driver/Src/stm32g4xx_hal_pwr.o
LOAD Drivers/STM32G4xx_HAL_Driver/Src/stm32g4xx_hal_pwr_ex.o
LOAD Drivers/STM32G4xx_HAL_Driver/Src/stm32g4xx_hal_rcc.o
LOAD Drivers/STM32G4xx_HAL_Driver/Src/stm32g4xx_hal_rcc_ex.o
LOAD Drivers/STM32G4xx_HAL_Driver/Src/stm32g4xx_hal_tim.o
LOAD Drivers/STM32G4xx_HAL_Driver/Src/stm32g4xx_hal_tim_ex.o
LOAD Drivers/STM32G4xx_HAL_Driver/Src/stm32g4xx_hal_uart.o
LOAD Drivers/STM32G4xx_HAL_Driver/Src/stm32g4xx_hal_uart_ex.o
LOAD ESP8266_Driver/esp8266.o
LOAD MQTT_Library/mqtt.o
LOAD RingBuffer/ring_buffer.o
START GROUP
LOAD c:/st/stm32cubeide_1.6.0/stm32cubeide/plugins/com.st.stm32cube.ide.mcu.externaltools.gnu-tools-for-stm32.9-2020-q2-update.win32_1.5.0.202011040924/tools/bin/../lib/gcc/arm-none-eabi/9.3.1/../../../../arm-none-eabi/lib/thumb/v7e-m+fp/hard\libstdc++_nano.a
LOAD c:/st/stm32cubeide_1.6.0/stm32cubeide/plugins/com.st.stm32cube.ide.mcu.externaltools.gnu-tools-for-stm32.9-2020-q2-update.win32_1.5.0.202011040924/tools/bin/../lib/gcc/arm-none-eabi/9.3.1/../../../../arm-none-eabi/lib/thumb/v7e-m+fp/hard\libsupc++_nano.a
END GROUP
LOAD c:/st/stm32cubeide_1.6.0/stm32cubeide/plugins/com.st.stm32cube.ide.mcu.externaltools.gnu-tools-for-stm32.9-2020-q2-update.win32_1.5.0.202011040924/tools/bin/../lib/gcc/arm-none-eabi/9.3.1/../../../../arm-none-eabi/lib/thumb/v7e-m+fp/hard\libstdc++_nano.a
LOAD c:/st/stm32cubeide_1.6.0/stm32cubeide/plugins/com.st.stm32cube.ide.mcu.externaltools.gnu-tools-for-stm32.9-2020-q2-update.win32_1.5.0.202011040924/tools/bin/../lib/gcc/arm-none-eabi/9.3.1/../../../../arm-none-eabi/lib/thumb/v7e-m+fp/hard\libm.a
LOAD c:/st/stm32cubeide_1.6.0/stm32cubeide/plugins/com.st.stm32cube.ide.mcu.externaltools.gnu-tools-for-stm32.9-2020-q2-update.win32_1.5.0.202011040924/tools/bin/../lib/gcc/arm-none-eabi/9.3.1/../../../../arm-none-eabi/lib/thumb/v7e-m+fp/hard\libc_nano.a
START GROUP
LOAD c:/st/stm32cubeide_1.6.0/stm32cubeide/plugins/com.st.stm32cube.ide.mcu.externaltools.gnu-tools-for-stm32.9-2020-q2-update.win32_1.5.0.202011040924/tools/bin/../lib/gcc/arm-none-eabi/9.3.1/thumb/v7e-m+fp/hard\libgcc.a
LOAD c:/st/stm32cubeide_1.6.0/stm32cubeide/plugins/com.st.stm32cube.ide.mcu.externaltools.gnu-tools-for-stm32.9-2020-q2-update.win32_1.5.0.202011040924/tools/bin/../lib/gcc/arm-none-eabi/9.3.1/../../../../arm-none-eabi/lib/thumb/v7e-m+fp/hard\libc_nano.a
END GROUP
START GROUP
LOAD c:/st/stm32cubeide_1.6.0/stm32cubeide/plugins/com.st.stm32cube.ide.mcu.externaltools.gnu-tools-for-stm32.9-2020-q2-update.win32_1.5.0.202011040924/tools/bin/../lib/gcc/arm-none-eabi/9.3.1/thumb/v7e-m+fp/hard\libgcc.a
LOAD c:/st/stm32cubeide_1.6.0/stm32cubeide/plugins/com.st.stm32cube.ide.mcu.externaltools.gnu-tools-for-stm32.9-2020-q2-update.win32_1.5.0.202011040924/tools/bin/../lib/gcc/arm-none-eabi/9.3.1/../../../../arm-none-eabi/lib/thumb/v7e-m+fp/hard\libc_nano.a
LOAD c:/st/stm32cubeide_1.6.0/stm32cubeide/plugins/com.st.stm32cube.ide.mcu.externaltools.gnu-tools-for-stm32.9-2020-q2-update.win32_1.5.0.202011040924/tools/bin/../lib/gcc/arm-none-eabi/9.3.1/../../../../arm-none-eabi/lib/thumb/v7e-m+fp/hard\libnosys.a
END GROUP
START GROUP
LOAD c:/st/stm32cubeide_1.6.0/stm32cubeide/plugins/com.st.stm32cube.ide.mcu.externaltools.gnu-tools-for-stm32.9-2020-q2-update.win32_1.5.0.202011040924/tools/bin/../lib/gcc/arm-none-eabi/9.3.1/thumb/v7e-m+fp/hard\libgcc.a
LOAD c:/st/stm32cubeide_1.6.0/stm32cubeide/plugins/com.st.stm32cube.ide.mcu.externaltools.gnu-tools-for-stm32.9-2020-q2-update.win32_1.5.0.202011040924/tools/bin/../lib/gcc/arm-none-eabi/9.3.1/../../../../arm-none-eabi/lib/thumb/v7e-m+fp/hard\libc_nano.a
LOAD c:/st/stm32cubeide_1.6.0/stm32cubeide/plugins/com.st.stm32cube.ide.mcu.externaltools.gnu-tools-for-stm32.9-2020-q2-update.win32_1.5.0.202011040924/tools/bin/../lib/gcc/arm-none-eabi/9.3.1/../../../../arm-none-eabi/lib/thumb/v7e-m+fp/hard\libnosys.a
END GROUP
LOAD c:/st/stm32cubeide_1.6.0/stm32cubeide/plugins/com.st.stm32cube.ide.mcu.externaltools.gnu-tools-for-stm32.9-2020-q2-update.win32_1.5.0.202011040924/tools/bin/../lib/gcc/arm-none-eabi/9.3.1/thumb/v7e-m+fp/hard/crtend.o
LOAD c:/st/stm32cubeide_1.6.0/stm32cubeide/plugins/com.st.stm32cube.ide.mcu.externaltools.gnu-tools-for-stm32.9-2020-q2-update.win32_1.5.0.202011040924/tools/bin/../lib/gcc/arm-none-eabi/9.3.1/thumb/v7e-m+fp/hard/crtn.o
                0x0000000020020000                _estack = (ORIGIN (RAM) + LENGTH (RAM))
                0x0000000000000200                _Min_Heap_Size = 0x200
                0x0000000000000400                _Min_Stack_Size = 0x400

.isr_vector     0x0000000008000000      0x1d8
                0x0000000008000000                . = ALIGN (0x4)
 *(.isr_vector)
 .isr_vector    0x0000000008000000      0x1d8 Core/Startup/startup_stm32g474retx.o
                0x0000000008000000                g_pfnVectors
                0x00000000080001d8                . = ALIGN (0x4)

.text           0x00000000080001d8     0x3634
                0x00000000080001d8                . = ALIGN (0x4)
 *(.text)
 .text          0x00000000080001d8       0x40 c:/st/stm32cubeide_1.6.0/stm32cubeide/plugins/com.st.stm32cube.ide.mcu.externaltools.gnu-tools-for-stm32.9-2020-q2-update.win32_1.5.0.202011040924/tools/bin/../lib/gcc/arm-none-eabi/9.3.1/thumb/v7e-m+fp/hard/crtbegin.o
 .text          0x0000000008000218       0x30 c:/st/stm32cubeide_1.6.0/stm32cubeide/plugins/com.st.stm32cube.ide.mcu.externaltools.gnu-tools-for-stm32.9-2020-q2-update.win32_1.5.0.202011040924/tools/bin/../lib/gcc/arm-none-eabi/9.3.1/thumb/v7e-m+fp/hard\libgcc.a(_aeabi_uldivmod.o)
                0x0000000008000218                __aeabi_uldivmod
 .text          0x0000000008000248      0x2c4 c:/st/stm32cubeide_1.6.0/stm32cubeide/plugins/com.st.stm32cube.ide.mcu.externaltools.gnu-tools-for-stm32.9-2020-q2-update.win32_1.5.0.202011040924/tools/bin/../lib/gcc/arm-none-eabi/9.3.1/thumb/v7e-m+fp/hard\libgcc.a(_udivmoddi4.o)
                0x0000000008000248                __udivmoddi4
 .text          0x000000000800050c        0x4 c:/st/stm32cubeide_1.6.0/stm32cubeide/plugins/com.st.stm32cube.ide.mcu.externaltools.gnu-tools-for-stm32.9-2020-q2-update.win32_1.5.0.202011040924/tools/bin/../lib/gcc/arm-none-eabi/9.3.1/thumb/v7e-m+fp/hard\libgcc.a(_dvmd_tls.o)
                0x000000000800050c                __aeabi_idiv0
                0x000000000800050c                __aeabi_ldiv0
 *(.text*)
 .text.main     0x0000000008000510       0x1e Core/Src/main.o
                0x0000000008000510                main
 .text.SystemClock_Config
                0x000000000800052e       0xce Core/Src/main.o
                0x000000000800052e                SystemClock_Config
 .text.MX_LPUART1_UART_Init
                0x00000000080005fc       0x94 Core/Src/main.o
 .text.MX_USART1_UART_Init
                0x0000000008000690       0x98 Core/Src/main.o
 .text.MX_DMA_Init
                0x0000000008000728       0x54 Core/Src/main.o
 .text.MX_GPIO_Init
                0x000000000800077c       0xe0 Core/Src/main.o
 .text.Error_Handler
                0x000000000800085c        0xa Core/Src/main.o
                0x000000000800085c                Error_Handler
 *fill*         0x0000000008000866        0x2 
 .text.HAL_MspInit
                0x0000000008000868       0x48 Core/Src/stm32g4xx_hal_msp.o
                0x0000000008000868                HAL_MspInit
 .text.HAL_UART_MspInit
                0x00000000080008b0      0x154 Core/Src/stm32g4xx_hal_msp.o
                0x00000000080008b0                HAL_UART_MspInit
 .text.NMI_Handler
                0x0000000008000a04        0x6 Core/Src/stm32g4xx_it.o
                0x0000000008000a04                NMI_Handler
 .text.HardFault_Handler
                0x0000000008000a0a        0x6 Core/Src/stm32g4xx_it.o
                0x0000000008000a0a                HardFault_Handler
 .text.MemManage_Handler
                0x0000000008000a10        0x6 Core/Src/stm32g4xx_it.o
                0x0000000008000a10                MemManage_Handler
 .text.BusFault_Handler
                0x0000000008000a16        0x6 Core/Src/stm32g4xx_it.o
                0x0000000008000a16                BusFault_Handler
 .text.UsageFault_Handler
                0x0000000008000a1c        0x6 Core/Src/stm32g4xx_it.o
                0x0000000008000a1c                UsageFault_Handler
 .text.SVC_Handler
                0x0000000008000a22        0xe Core/Src/stm32g4xx_it.o
                0x0000000008000a22                SVC_Handler
 .text.DebugMon_Handler
                0x0000000008000a30        0xe Core/Src/stm32g4xx_it.o
                0x0000000008000a30                DebugMon_Handler
 .text.PendSV_Handler
                0x0000000008000a3e        0xe Core/Src/stm32g4xx_it.o
                0x0000000008000a3e                PendSV_Handler
 .text.SysTick_Handler
                0x0000000008000a4c        0xc Core/Src/stm32g4xx_it.o
                0x0000000008000a4c                SysTick_Handler
 .text.DMA1_Channel1_IRQHandler
                0x0000000008000a58       0x14 Core/Src/stm32g4xx_it.o
                0x0000000008000a58                DMA1_Channel1_IRQHandler
 .text.USART1_IRQHandler
                0x0000000008000a6c       0x14 Core/Src/stm32g4xx_it.o
                0x0000000008000a6c                USART1_IRQHandler
 .text.EXTI15_10_IRQHandler
                0x0000000008000a80       0x10 Core/Src/stm32g4xx_it.o
                0x0000000008000a80                EXTI15_10_IRQHandler
 .text.SystemInit
                0x0000000008000a90       0x24 Core/Src/system_stm32g4xx.o
                0x0000000008000a90                SystemInit
 .text.Reset_Handler
                0x0000000008000ab4       0x50 Core/Startup/startup_stm32g474retx.o
                0x0000000008000ab4                Reset_Handler
 .text.Default_Handler
                0x0000000008000b04        0x2 Core/Startup/startup_stm32g474retx.o
                0x0000000008000b04                RTC_Alarm_IRQHandler
                0x0000000008000b04                EXTI2_IRQHandler
                0x0000000008000b04                TIM8_TRG_COM_IRQHandler
                0x0000000008000b04                TIM8_CC_IRQHandler
                0x0000000008000b04                HRTIM1_Master_IRQHandler
                0x0000000008000b04                SPI4_IRQHandler
                0x0000000008000b04                FDCAN3_IT0_IRQHandler
                0x0000000008000b04                TIM1_CC_IRQHandler
                0x0000000008000b04                HRTIM1_FLT_IRQHandler
                0x0000000008000b04                HRTIM1_TIMF_IRQHandler
                0x0000000008000b04                USB_HP_IRQHandler
                0x0000000008000b04                CORDIC_IRQHandler
                0x0000000008000b04                HRTIM1_TIMD_IRQHandler
                0x0000000008000b04                DMA2_Channel8_IRQHandler
                0x0000000008000b04                EXTI3_IRQHandler
                0x0000000008000b04                I2C3_ER_IRQHandler
                0x0000000008000b04                EXTI0_IRQHandler
                0x0000000008000b04                I2C2_EV_IRQHandler
                0x0000000008000b04                FPU_IRQHandler
                0x0000000008000b04                FDCAN1_IT1_IRQHandler
                0x0000000008000b04                TIM1_UP_TIM16_IRQHandler
                0x0000000008000b04                ADC1_2_IRQHandler
                0x0000000008000b04                HRTIM1_TIME_IRQHandler
                0x0000000008000b04                SPI1_IRQHandler
                0x0000000008000b04                TIM6_DAC_IRQHandler
                0x0000000008000b04                HRTIM1_TIMC_IRQHandler
                0x0000000008000b04                TIM8_UP_IRQHandler
                0x0000000008000b04                DMA2_Channel2_IRQHandler
                0x0000000008000b04                DMA1_Channel4_IRQHandler
                0x0000000008000b04                TIM20_TRG_COM_IRQHandler
                0x0000000008000b04                USART3_IRQHandler
                0x0000000008000b04                DMA1_Channel7_IRQHandler
                0x0000000008000b04                UART5_IRQHandler
                0x0000000008000b04                ADC3_IRQHandler
                0x0000000008000b04                TIM4_IRQHandler
                0x0000000008000b04                DMA2_Channel1_IRQHandler
                0x0000000008000b04                QUADSPI_IRQHandler
                0x0000000008000b04                I2C1_EV_IRQHandler
                0x0000000008000b04                DMA1_Channel6_IRQHandler
                0x0000000008000b04                UART4_IRQHandler
                0x0000000008000b04                DMA2_Channel4_IRQHandler
                0x0000000008000b04                TIM3_IRQHandler
                0x0000000008000b04                RCC_IRQHandler
                0x0000000008000b04                TIM20_UP_IRQHandler
                0x0000000008000b04                Default_Handler
                0x0000000008000b04                DMA2_Channel7_IRQHandler
                0x0000000008000b04                RTC_TAMP_LSECSS_IRQHandler
                0x0000000008000b04                FMAC_IRQHandler
                0x0000000008000b04                DMA1_Channel8_IRQHandler
                0x0000000008000b04                HRTIM1_TIMA_IRQHandler
                0x0000000008000b04                TIM7_DAC_IRQHandler
                0x0000000008000b04                FDCAN3_IT1_IRQHandler
                0x0000000008000b04                TIM5_IRQHandler
                0x0000000008000b04                UCPD1_IRQHandler
                0x0000000008000b04                I2C3_EV_IRQHandler
                0x0000000008000b04                EXTI9_5_IRQHandler
                0x0000000008000b04                RTC_WKUP_IRQHandler
                0x0000000008000b04                PVD_PVM_IRQHandler
                0x0000000008000b04                SPI2_IRQHandler
                0x0000000008000b04                ADC5_IRQHandler
                0x0000000008000b04                DMA2_Channel5_IRQHandler
                0x0000000008000b04                CRS_IRQHandler
                0x0000000008000b04                DMA1_Channel5_IRQHandler
                0x0000000008000b04                USB_LP_IRQHandler
                0x0000000008000b04                EXTI4_IRQHandler
                0x0000000008000b04                RNG_IRQHandler
                0x0000000008000b04                HRTIM1_TIMB_IRQHandler
                0x0000000008000b04                TIM1_TRG_COM_TIM17_IRQHandler
                0x0000000008000b04                FDCAN2_IT1_IRQHandler
                0x0000000008000b04                DMA1_Channel3_IRQHandler
                0x0000000008000b04                ADC4_IRQHandler
                0x0000000008000b04                WWDG_IRQHandler
                0x0000000008000b04                I2C4_EV_IRQHandler
                0x0000000008000b04                FDCAN2_IT0_IRQHandler
                0x0000000008000b04                LPUART1_IRQHandler
                0x0000000008000b04                DMA2_Channel6_IRQHandler
                0x0000000008000b04                FDCAN1_IT0_IRQHandler
                0x0000000008000b04                TIM2_IRQHandler
                0x0000000008000b04                COMP7_IRQHandler
                0x0000000008000b04                COMP1_2_3_IRQHandler
                0x0000000008000b04                EXTI1_IRQHandler
                0x0000000008000b04                USART2_IRQHandler
                0x0000000008000b04                COMP4_5_6_IRQHandler
                0x0000000008000b04                TIM20_BRK_IRQHandler
                0x0000000008000b04                I2C2_ER_IRQHandler
                0x0000000008000b04                DMA1_Channel2_IRQHandler
                0x0000000008000b04                TIM8_BRK_IRQHandler
                0x0000000008000b04                FLASH_IRQHandler
                0x0000000008000b04                TIM20_CC_IRQHandler
                0x0000000008000b04                SPI3_IRQHandler
                0x0000000008000b04                I2C1_ER_IRQHandler
                0x0000000008000b04                FMC_IRQHandler
                0x0000000008000b04                LPTIM1_IRQHandler
                0x0000000008000b04                DMAMUX_OVR_IRQHandler
                0x0000000008000b04                I2C4_ER_IRQHandler
                0x0000000008000b04                USBWakeUp_IRQHandler
                0x0000000008000b04                SAI1_IRQHandler
                0x0000000008000b04                DMA2_Channel3_IRQHandler
                0x0000000008000b04                TIM1_BRK_TIM15_IRQHandler
 .text.HAL_Init
                0x0000000008000b06       0x30 Drivers/STM32G4xx_HAL_Driver/Src/stm32g4xx_hal.o
                0x0000000008000b06                HAL_Init
 *fill*         0x0000000008000b36        0x2 
 .text.HAL_InitTick
                0x0000000008000b38       0x74 Drivers/STM32G4xx_HAL_Driver/Src/stm32g4xx_hal.o
                0x0000000008000b38                HAL_InitTick
 .text.HAL_IncTick
                0x0000000008000bac       0x24 Drivers/STM32G4xx_HAL_Driver/Src/stm32g4xx_hal.o
                0x0000000008000bac                HAL_IncTick
 .text.HAL_GetTick
                0x0000000008000bd0       0x18 Drivers/STM32G4xx_HAL_Driver/Src/stm32g4xx_hal.o
                0x0000000008000bd0                HAL_GetTick
 .text.__NVIC_SetPriorityGrouping
                0x0000000008000be8       0x48 Drivers/STM32G4xx_HAL_Driver/Src/stm32g4xx_hal_cortex.o
 .text.__NVIC_GetPriorityGrouping
                0x0000000008000c30       0x1c Drivers/STM32G4xx_HAL_Driver/Src/stm32g4xx_hal_cortex.o
 .text.__NVIC_EnableIRQ
                0x0000000008000c4c       0x3c Drivers/STM32G4xx_HAL_Driver/Src/stm32g4xx_hal_cortex.o
 .text.__NVIC_SetPriority
                0x0000000008000c88       0x54 Drivers/STM32G4xx_HAL_Driver/Src/stm32g4xx_hal_cortex.o
 .text.NVIC_EncodePriority
                0x0000000008000cdc       0x66 Drivers/STM32G4xx_HAL_Driver/Src/stm32g4xx_hal_cortex.o
 *fill*         0x0000000008000d42        0x2 
 .text.SysTick_Config
                0x0000000008000d44       0x44 Drivers/STM32G4xx_HAL_Driver/Src/stm32g4xx_hal_cortex.o
 .text.HAL_NVIC_SetPriorityGrouping
                0x0000000008000d88       0x16 Drivers/STM32G4xx_HAL_Driver/Src/stm32g4xx_hal_cortex.o
                0x0000000008000d88                HAL_NVIC_SetPriorityGrouping
 .text.HAL_NVIC_SetPriority
                0x0000000008000d9e       0x34 Drivers/STM32G4xx_HAL_Driver/Src/stm32g4xx_hal_cortex.o
                0x0000000008000d9e                HAL_NVIC_SetPriority
 .text.HAL_NVIC_EnableIRQ
                0x0000000008000dd2       0x1c Drivers/STM32G4xx_HAL_Driver/Src/stm32g4xx_hal_cortex.o
                0x0000000008000dd2                HAL_NVIC_EnableIRQ
 .text.HAL_SYSTICK_Config
                0x0000000008000dee       0x18 Drivers/STM32G4xx_HAL_Driver/Src/stm32g4xx_hal_cortex.o
                0x0000000008000dee                HAL_SYSTICK_Config
 *fill*         0x0000000008000e06        0x2 
 .text.HAL_DMA_Init
                0x0000000008000e08      0x150 Drivers/STM32G4xx_HAL_Driver/Src/stm32g4xx_hal_dma.o
                0x0000000008000e08                HAL_DMA_Init
 .text.HAL_DMA_Abort
                0x0000000008000f58       0xb2 Drivers/STM32G4xx_HAL_Driver/Src/stm32g4xx_hal_dma.o
                0x0000000008000f58                HAL_DMA_Abort
 .text.HAL_DMA_Abort_IT
                0x000000000800100a       0xce Drivers/STM32G4xx_HAL_Driver/Src/stm32g4xx_hal_dma.o
                0x000000000800100a                HAL_DMA_Abort_IT
 .text.HAL_DMA_IRQHandler
                0x00000000080010d8      0x15e Drivers/STM32G4xx_HAL_Driver/Src/stm32g4xx_hal_dma.o
                0x00000000080010d8                HAL_DMA_IRQHandler
 *fill*         0x0000000008001236        0x2 
 .text.DMA_CalcDMAMUXChannelBaseAndMask
                0x0000000008001238       0x7c Drivers/STM32G4xx_HAL_Driver/Src/stm32g4xx_hal_dma.o
 .text.DMA_CalcDMAMUXRequestGenBaseAndMask
                0x00000000080012b4       0x48 Drivers/STM32G4xx_HAL_Driver/Src/stm32g4xx_hal_dma.o
 .text.HAL_GPIO_Init
                0x00000000080012fc      0x304 Drivers/STM32G4xx_HAL_Driver/Src/stm32g4xx_hal_gpio.o
                0x00000000080012fc                HAL_GPIO_Init
 .text.HAL_GPIO_WritePin
                0x0000000008001600       0x30 Drivers/STM32G4xx_HAL_Driver/Src/stm32g4xx_hal_gpio.o
                0x0000000008001600                HAL_GPIO_WritePin
 .text.HAL_GPIO_EXTI_IRQHandler
                0x0000000008001630       0x30 Drivers/STM32G4xx_HAL_Driver/Src/stm32g4xx_hal_gpio.o
                0x0000000008001630                HAL_GPIO_EXTI_IRQHandler
 .text.HAL_GPIO_EXTI_Callback
                0x0000000008001660       0x16 Drivers/STM32G4xx_HAL_Driver/Src/stm32g4xx_hal_gpio.o
                0x0000000008001660                HAL_GPIO_EXTI_Callback
 *fill*         0x0000000008001676        0x2 
 .text.HAL_PWREx_ControlVoltageScaling
                0x0000000008001678      0x148 Drivers/STM32G4xx_HAL_Driver/Src/stm32g4xx_hal_pwr_ex.o
                0x0000000008001678                HAL_PWREx_ControlVoltageScaling
 .text.HAL_PWREx_DisableUCPDDeadBattery
                0x00000000080017c0       0x20 Drivers/STM32G4xx_HAL_Driver/Src/stm32g4xx_hal_pwr_ex.o
                0x00000000080017c0                HAL_PWREx_DisableUCPDDeadBattery
 .text.HAL_RCC_OscConfig
                0x00000000080017e0      0x630 Drivers/STM32G4xx_HAL_Driver/Src/stm32g4xx_hal_rcc.o
                0x00000000080017e0                HAL_RCC_OscConfig
 .text.HAL_RCC_ClockConfig
                0x0000000008001e10      0x278 Drivers/STM32G4xx_HAL_Driver/Src/stm32g4xx_hal_rcc.o
                0x0000000008001e10                HAL_RCC_ClockConfig
 .text.HAL_RCC_GetSysClockFreq
                0x0000000008002088       0xc4 Drivers/STM32G4xx_HAL_Driver/Src/stm32g4xx_hal_rcc.o
                0x0000000008002088                HAL_RCC_GetSysClockFreq
 .text.HAL_RCC_GetHCLKFreq
                0x000000000800214c       0x18 Drivers/STM32G4xx_HAL_Driver/Src/stm32g4xx_hal_rcc.o
                0x000000000800214c                HAL_RCC_GetHCLKFreq
 .text.HAL_RCC_GetPCLK1Freq
                0x0000000008002164       0x2c Drivers/STM32G4xx_HAL_Driver/Src/stm32g4xx_hal_rcc.o
                0x0000000008002164                HAL_RCC_GetPCLK1Freq
 .text.HAL_RCC_GetPCLK2Freq
                0x0000000008002190       0x2c Drivers/STM32G4xx_HAL_Driver/Src/stm32g4xx_hal_rcc.o
                0x0000000008002190                HAL_RCC_GetPCLK2Freq
 .text.RCC_GetSysClockFreqFromPLLSource
                0x00000000080021bc       0x8c Drivers/STM32G4xx_HAL_Driver/Src/stm32g4xx_hal_rcc.o
 .text.HAL_RCCEx_PeriphCLKConfig
                0x0000000008002248      0x498 Drivers/STM32G4xx_HAL_Driver/Src/stm32g4xx_hal_rcc_ex.o
                0x0000000008002248                HAL_RCCEx_PeriphCLKConfig
 .text.HAL_UART_Init
                0x00000000080026e0       0xa0 Drivers/STM32G4xx_HAL_Driver/Src/stm32g4xx_hal_uart.o
                0x00000000080026e0                HAL_UART_Init
 .text.HAL_UART_IRQHandler
                0x0000000008002780      0x468 Drivers/STM32G4xx_HAL_Driver/Src/stm32g4xx_hal_uart.o
                0x0000000008002780                HAL_UART_IRQHandler
 .text.HAL_UART_TxCpltCallback
                0x0000000008002be8       0x14 Drivers/STM32G4xx_HAL_Driver/Src/stm32g4xx_hal_uart.o
                0x0000000008002be8                HAL_UART_TxCpltCallback
 .text.HAL_UART_ErrorCallback
                0x0000000008002bfc       0x14 Drivers/STM32G4xx_HAL_Driver/Src/stm32g4xx_hal_uart.o
                0x0000000008002bfc                HAL_UART_ErrorCallback
 .text.HAL_UARTEx_RxEventCallback
                0x0000000008002c10       0x18 Drivers/STM32G4xx_HAL_Driver/Src/stm32g4xx_hal_uart.o
                0x0000000008002c10                HAL_UARTEx_RxEventCallback
 .text.UART_SetConfig
                0x0000000008002c28      0x594 Drivers/STM32G4xx_HAL_Driver/Src/stm32g4xx_hal_uart.o
                0x0000000008002c28                UART_SetConfig
 .text.UART_AdvFeatureConfig
                0x00000000080031bc      0x144 Drivers/STM32G4xx_HAL_Driver/Src/stm32g4xx_hal_uart.o
                0x00000000080031bc                UART_AdvFeatureConfig
 .text.UART_CheckIdleState
                0x0000000008003300       0x96 Drivers/STM32G4xx_HAL_Driver/Src/stm32g4xx_hal_uart.o
                0x0000000008003300                UART_CheckIdleState
 .text.UART_WaitOnFlagUntilTimeout
                0x0000000008003396      0x100 Drivers/STM32G4xx_HAL_Driver/Src/stm32g4xx_hal_uart.o
                0x0000000008003396                UART_WaitOnFlagUntilTimeout
 .text.UART_EndRxTransfer
                0x0000000008003496       0x64 Drivers/STM32G4xx_HAL_Driver/Src/stm32g4xx_hal_uart.o
 .text.UART_DMAAbortOnError
                0x00000000080034fa       0x2c Drivers/STM32G4xx_HAL_Driver/Src/stm32g4xx_hal_uart.o
 .text.UART_EndTransmit_IT
                0x0000000008003526       0x34 Drivers/STM32G4xx_HAL_Driver/Src/stm32g4xx_hal_uart.o
 .text.HAL_UARTEx_WakeupCallback
                0x000000000800355a       0x14 Drivers/STM32G4xx_HAL_Driver/Src/stm32g4xx_hal_uart_ex.o
                0x000000000800355a                HAL_UARTEx_WakeupCallback
 .text.HAL_UARTEx_RxFifoFullCallback
                0x000000000800356e       0x14 Drivers/STM32G4xx_HAL_Driver/Src/stm32g4xx_hal_uart_ex.o
                0x000000000800356e                HAL_UARTEx_RxFifoFullCallback
 .text.HAL_UARTEx_TxFifoEmptyCallback
                0x0000000008003582       0x14 Drivers/STM32G4xx_HAL_Driver/Src/stm32g4xx_hal_uart_ex.o
                0x0000000008003582                HAL_UARTEx_TxFifoEmptyCallback
 .text.HAL_UARTEx_DisableFifoMode
                0x0000000008003596       0x72 Drivers/STM32G4xx_HAL_Driver/Src/stm32g4xx_hal_uart_ex.o
                0x0000000008003596                HAL_UARTEx_DisableFifoMode
 .text.HAL_UARTEx_SetTxFifoThreshold
                0x0000000008003608       0x7c Drivers/STM32G4xx_HAL_Driver/Src/stm32g4xx_hal_uart_ex.o
                0x0000000008003608                HAL_UARTEx_SetTxFifoThreshold
 .text.HAL_UARTEx_SetRxFifoThreshold
                0x0000000008003684       0x7c Drivers/STM32G4xx_HAL_Driver/Src/stm32g4xx_hal_uart_ex.o
                0x0000000008003684                HAL_UARTEx_SetRxFifoThreshold
 .text.UARTEx_SetNbDataToProcess
                0x0000000008003700       0x9c Drivers/STM32G4xx_HAL_Driver/Src/stm32g4xx_hal_uart_ex.o
 .text.__libc_init_array
                0x000000000800379c       0x48 c:/st/stm32cubeide_1.6.0/stm32cubeide/plugins/com.st.stm32cube.ide.mcu.externaltools.gnu-tools-for-stm32.9-2020-q2-update.win32_1.5.0.202011040924/tools/bin/../lib/gcc/arm-none-eabi/9.3.1/../../../../arm-none-eabi/lib/thumb/v7e-m+fp/hard\libc_nano.a(lib_a-init.o)
                0x000000000800379c                __libc_init_array
 .text.memset   0x00000000080037e4       0x10 c:/st/stm32cubeide_1.6.0/stm32cubeide/plugins/com.st.stm32cube.ide.mcu.externaltools.gnu-tools-for-stm32.9-2020-q2-update.win32_1.5.0.202011040924/tools/bin/../lib/gcc/arm-none-eabi/9.3.1/../../../../arm-none-eabi/lib/thumb/v7e-m+fp/hard\libc_nano.a(lib_a-memset.o)
                0x00000000080037e4                memset
 *(.glue_7)
 .glue_7        0x00000000080037f4        0x0 linker stubs
 *(.glue_7t)
 .glue_7t       0x00000000080037f4        0x0 linker stubs
 *(.eh_frame)
 .eh_frame      0x00000000080037f4        0x0 c:/st/stm32cubeide_1.6.0/stm32cubeide/plugins/com.st.stm32cube.ide.mcu.externaltools.gnu-tools-for-stm32.9-2020-q2-update.win32_1.5.0.202011040924/tools/bin/../lib/gcc/arm-none-eabi/9.3.1/thumb/v7e-m+fp/hard/crtbegin.o
 *(.init)
 .init          0x00000000080037f4        0x4 c:/st/stm32cubeide_1.6.0/stm32cubeide/plugins/com.st.stm32cube.ide.mcu.externaltools.gnu-tools-for-stm32.9-2020-q2-update.win32_1.5.0.202011040924/tools/bin/../lib/gcc/arm-none-eabi/9.3.1/thumb/v7e-m+fp/hard/crti.o
                0x00000000080037f4                _init
 .init          0x00000000080037f8        0x8 c:/st/stm32cubeide_1.6.0/stm32cubeide/plugins/com.st.stm32cube.ide.mcu.externaltools.gnu-tools-for-stm32.9-2020-q2-update.win32_1.5.0.202011040924/tools/bin/../lib/gcc/arm-none-eabi/9.3.1/thumb/v7e-m+fp/hard/crtn.o
 *(.fini)
 .fini          0x0000000008003800        0x4 c:/st/stm32cubeide_1.6.0/stm32cubeide/plugins/com.st.stm32cube.ide.mcu.externaltools.gnu-tools-for-stm32.9-2020-q2-update.win32_1.5.0.202011040924/tools/bin/../lib/gcc/arm-none-eabi/9.3.1/thumb/v7e-m+fp/hard/crti.o
                0x0000000008003800                _fini
 .fini          0x0000000008003804        0x8 c:/st/stm32cubeide_1.6.0/stm32cubeide/plugins/com.st.stm32cube.ide.mcu.externaltools.gnu-tools-for-stm32.9-2020-q2-update.win32_1.5.0.202011040924/tools/bin/../lib/gcc/arm-none-eabi/9.3.1/thumb/v7e-m+fp/hard/crtn.o
                0x000000000800380c                . = ALIGN (0x4)
                0x000000000800380c                _etext = .

.vfp11_veneer   0x000000000800380c        0x0
 .vfp11_veneer  0x000000000800380c        0x0 linker stubs

.v4_bx          0x000000000800380c        0x0
 .v4_bx         0x000000000800380c        0x0 linker stubs

.iplt           0x000000000800380c        0x0
 .iplt          0x000000000800380c        0x0 c:/st/stm32cubeide_1.6.0/stm32cubeide/plugins/com.st.stm32cube.ide.mcu.externaltools.gnu-tools-for-stm32.9-2020-q2-update.win32_1.5.0.202011040924/tools/bin/../lib/gcc/arm-none-eabi/9.3.1/thumb/v7e-m+fp/hard/crtbegin.o

.rodata         0x000000000800380c       0x40
                0x000000000800380c                . = ALIGN (0x4)
 *(.rodata)
 *(.rodata*)
 .rodata.AHBPrescTable
                0x000000000800380c       0x10 Core/Src/system_stm32g4xx.o
                0x000000000800380c                AHBPrescTable
 .rodata.APBPrescTable
                0x000000000800381c        0x8 Core/Src/system_stm32g4xx.o
                0x000000000800381c                APBPrescTable
 .rodata.UARTPrescTable
                0x0000000008003824       0x18 Drivers/STM32G4xx_HAL_Driver/Src/stm32g4xx_hal_uart.o
                0x0000000008003824                UARTPrescTable
 .rodata.numerator.8225
                0x000000000800383c        0x8 Drivers/STM32G4xx_HAL_Driver/Src/stm32g4xx_hal_uart_ex.o
 .rodata.denominator.8226
                0x0000000008003844        0x8 Drivers/STM32G4xx_HAL_Driver/Src/stm32g4xx_hal_uart_ex.o
                0x000000000800384c                . = ALIGN (0x4)

.ARM.extab      0x000000000800384c        0x0
                0x000000000800384c                . = ALIGN (0x4)
 *(.ARM.extab* .gnu.linkonce.armextab.*)
                0x000000000800384c                . = ALIGN (0x4)

.ARM            0x000000000800384c        0x8
                0x000000000800384c                . = ALIGN (0x4)
                0x000000000800384c                __exidx_start = .
 *(.ARM.exidx*)
 .ARM.exidx     0x000000000800384c        0x8 c:/st/stm32cubeide_1.6.0/stm32cubeide/plugins/com.st.stm32cube.ide.mcu.externaltools.gnu-tools-for-stm32.9-2020-q2-update.win32_1.5.0.202011040924/tools/bin/../lib/gcc/arm-none-eabi/9.3.1/thumb/v7e-m+fp/hard\libgcc.a(_udivmoddi4.o)
                0x0000000008003854                __exidx_end = .
                0x0000000008003854                . = ALIGN (0x4)

.rel.dyn        0x0000000008003854        0x0
 .rel.iplt      0x0000000008003854        0x0 c:/st/stm32cubeide_1.6.0/stm32cubeide/plugins/com.st.stm32cube.ide.mcu.externaltools.gnu-tools-for-stm32.9-2020-q2-update.win32_1.5.0.202011040924/tools/bin/../lib/gcc/arm-none-eabi/9.3.1/thumb/v7e-m+fp/hard/crtbegin.o

.preinit_array  0x0000000008003854        0x0
                0x0000000008003854                . = ALIGN (0x4)
                0x0000000008003854                PROVIDE (__preinit_array_start = .)
 *(.preinit_array*)
                0x0000000008003854                PROVIDE (__preinit_array_end = .)
                0x0000000008003854                . = ALIGN (0x4)

.init_array     0x0000000008003854        0x4
                0x0000000008003854                . = ALIGN (0x4)
                0x0000000008003854                PROVIDE (__init_array_start = .)
 *(SORT_BY_NAME(.init_array.*))
 *(.init_array*)
 .init_array    0x0000000008003854        0x4 c:/st/stm32cubeide_1.6.0/stm32cubeide/plugins/com.st.stm32cube.ide.mcu.externaltools.gnu-tools-for-stm32.9-2020-q2-update.win32_1.5.0.202011040924/tools/bin/../lib/gcc/arm-none-eabi/9.3.1/thumb/v7e-m+fp/hard/crtbegin.o
                0x0000000008003858                PROVIDE (__init_array_end = .)
                0x0000000008003858                . = ALIGN (0x4)

.fini_array     0x0000000008003858        0x4
                0x0000000008003858                . = ALIGN (0x4)
                [!provide]                        PROVIDE (__fini_array_start = .)
 *(SORT_BY_NAME(.fini_array.*))
 *(.fini_array*)
 .fini_array    0x0000000008003858        0x4 c:/st/stm32cubeide_1.6.0/stm32cubeide/plugins/com.st.stm32cube.ide.mcu.externaltools.gnu-tools-for-stm32.9-2020-q2-update.win32_1.5.0.202011040924/tools/bin/../lib/gcc/arm-none-eabi/9.3.1/thumb/v7e-m+fp/hard/crtbegin.o
                [!provide]                        PROVIDE (__fini_array_end = .)
                0x000000000800385c                . = ALIGN (0x4)
                0x000000000800385c                _sidata = LOADADDR (.data)

.data           0x0000000020000000        0xc load address 0x000000000800385c
                0x0000000020000000                . = ALIGN (0x4)
                0x0000000020000000                _sdata = .
 *(.data)
 *(.data*)
 .data.SystemCoreClock
                0x0000000020000000        0x4 Core/Src/system_stm32g4xx.o
                0x0000000020000000                SystemCoreClock
 .data.uwTickPrio
                0x0000000020000004        0x4 Drivers/STM32G4xx_HAL_Driver/Src/stm32g4xx_hal.o
                0x0000000020000004                uwTickPrio
 .data.uwTickFreq
                0x0000000020000008        0x4 Drivers/STM32G4xx_HAL_Driver/Src/stm32g4xx_hal.o
                0x0000000020000008                uwTickFreq
 *(.RamFunc)
 *(.RamFunc*)
                0x000000002000000c                . = ALIGN (0x4)
                0x000000002000000c                _edata = .

.igot.plt       0x000000002000000c        0x0 load address 0x0000000008003868
 .igot.plt      0x000000002000000c        0x0 c:/st/stm32cubeide_1.6.0/stm32cubeide/plugins/com.st.stm32cube.ide.mcu.externaltools.gnu-tools-for-stm32.9-2020-q2-update.win32_1.5.0.202011040924/tools/bin/../lib/gcc/arm-none-eabi/9.3.1/thumb/v7e-m+fp/hard/crtbegin.o
                0x000000002000000c                . = ALIGN (0x4)

.bss            0x000000002000000c      0x1a0 load address 0x0000000008003868
                0x000000002000000c                _sbss = .
                0x000000002000000c                __bss_start__ = _sbss
 *(.bss)
 .bss           0x000000002000000c       0x1c c:/st/stm32cubeide_1.6.0/stm32cubeide/plugins/com.st.stm32cube.ide.mcu.externaltools.gnu-tools-for-stm32.9-2020-q2-update.win32_1.5.0.202011040924/tools/bin/../lib/gcc/arm-none-eabi/9.3.1/thumb/v7e-m+fp/hard/crtbegin.o
 *(.bss*)
 *(COMMON)
 COMMON         0x0000000020000028      0x180 Core/Src/main.o
                0x0000000020000028                hlpuart1
                0x00000000200000b8                hdma_usart1_rx
                0x0000000020000118                huart1
 COMMON         0x00000000200001a8        0x4 Drivers/STM32G4xx_HAL_Driver/Src/stm32g4xx_hal.o
                0x00000000200001a8                uwTick
                0x00000000200001ac                . = ALIGN (0x4)
                0x00000000200001ac                _ebss = .
                0x00000000200001ac                __bss_end__ = _ebss

._user_heap_stack
                0x00000000200001ac      0x604 load address 0x0000000008003868
                0x00000000200001b0                . = ALIGN (0x8)
 *fill*         0x00000000200001ac        0x4 
                [!provide]                        PROVIDE (end = .)
                0x00000000200001b0                PROVIDE (_end = .)
                0x00000000200003b0                . = (. + _Min_Heap_Size)
 *fill*         0x00000000200001b0      0x200 
                0x00000000200007b0                . = (. + _Min_Stack_Size)
 *fill*         0x00000000200003b0      0x400 
                0x00000000200007b0                . = ALIGN (0x8)

/DISCARD/
 libc.a(*)
 libm.a(*)
 libgcc.a(*)

.ARM.attributes
                0x0000000000000000       0x30
 *(.ARM.attributes)
 .ARM.attributes
                0x0000000000000000       0x1e c:/st/stm32cubeide_1.6.0/stm32cubeide/plugins/com.st.stm32cube.ide.mcu.externaltools.gnu-tools-for-stm32.9-2020-q2-update.win32_1.5.0.202011040924/tools/bin/../lib/gcc/arm-none-eabi/9.3.1/thumb/v7e-m+fp/hard/crti.o
 .ARM.attributes
                0x000000000000001e       0x34 c:/st/stm32cubeide_1.6.0/stm32cubeide/plugins/com.st.stm32cube.ide.mcu.externaltools.gnu-tools-for-stm32.9-2020-q2-update.win32_1.5.0.202011040924/tools/bin/../lib/gcc/arm-none-eabi/9.3.1/thumb/v7e-m+fp/hard/crtbegin.o
 .ARM.attributes
                0x0000000000000052       0x34 Core/Src/main.o
 .ARM.attributes
                0x0000000000000086       0x34 Core/Src/stm32g4xx_hal_msp.o
 .ARM.attributes
                0x00000000000000ba       0x34 Core/Src/stm32g4xx_it.o
 .ARM.attributes
                0x00000000000000ee       0x34 Core/Src/system_stm32g4xx.o
 .ARM.attributes
                0x0000000000000122       0x21 Core/Startup/startup_stm32g474retx.o
 .ARM.attributes
                0x0000000000000143       0x34 Drivers/STM32G4xx_HAL_Driver/Src/stm32g4xx_hal.o
 .ARM.attributes
                0x0000000000000177       0x34 Drivers/STM32G4xx_HAL_Driver/Src/stm32g4xx_hal_cortex.o
 .ARM.attributes
                0x00000000000001ab       0x34 Drivers/STM32G4xx_HAL_Driver/Src/stm32g4xx_hal_dma.o
 .ARM.attributes
                0x00000000000001df       0x34 Drivers/STM32G4xx_HAL_Driver/Src/stm32g4xx_hal_gpio.o
 .ARM.attributes
                0x0000000000000213       0x34 Drivers/STM32G4xx_HAL_Driver/Src/stm32g4xx_hal_pwr_ex.o
 .ARM.attributes
                0x0000000000000247       0x34 Drivers/STM32G4xx_HAL_Driver/Src/stm32g4xx_hal_rcc.o
 .ARM.attributes
                0x000000000000027b       0x34 Drivers/STM32G4xx_HAL_Driver/Src/stm32g4xx_hal_rcc_ex.o
 .ARM.attributes
                0x00000000000002af       0x34 Drivers/STM32G4xx_HAL_Driver/Src/stm32g4xx_hal_uart.o
 .ARM.attributes
                0x00000000000002e3       0x34 Drivers/STM32G4xx_HAL_Driver/Src/stm32g4xx_hal_uart_ex.o
 .ARM.attributes
                0x0000000000000317       0x34 c:/st/stm32cubeide_1.6.0/stm32cubeide/plugins/com.st.stm32cube.ide.mcu.externaltools.gnu-tools-for-stm32.9-2020-q2-update.win32_1.5.0.202011040924/tools/bin/../lib/gcc/arm-none-eabi/9.3.1/../../../../arm-none-eabi/lib/thumb/v7e-m+fp/hard\libc_nano.a(lib_a-init.o)
 .ARM.attributes
                0x000000000000034b       0x34 c:/st/stm32cubeide_1.6.0/stm32cubeide/plugins/com.st.stm32cube.ide.mcu.externaltools.gnu-tools-for-stm32.9-2020-q2-update.win32_1.5.0.202011040924/tools/bin/../lib/gcc/arm-none-eabi/9.3.1/../../../../arm-none-eabi/lib/thumb/v7e-m+fp/hard\libc_nano.a(lib_a-memset.o)
 .ARM.attributes
                0x000000000000037f       0x1e c:/st/stm32cubeide_1.6.0/stm32cubeide/plugins/com.st.stm32cube.ide.mcu.externaltools.gnu-tools-for-stm32.9-2020-q2-update.win32_1.5.0.202011040924/tools/bin/../lib/gcc/arm-none-eabi/9.3.1/thumb/v7e-m+fp/hard\libgcc.a(_aeabi_uldivmod.o)
 .ARM.attributes
                0x000000000000039d       0x34 c:/st/stm32cubeide_1.6.0/stm32cubeide/plugins/com.st.stm32cube.ide.mcu.externaltools.gnu-tools-for-stm32.9-2020-q2-update.win32_1.5.0.202011040924/tools/bin/../lib/gcc/arm-none-eabi/9.3.1/thumb/v7e-m+fp/hard\libgcc.a(_udivmoddi4.o)
 .ARM.attributes
                0x00000000000003d1       0x1e c:/st/stm32cubeide_1.6.0/stm32cubeide/plugins/com.st.stm32cube.ide.mcu.externaltools.gnu-tools-for-stm32.9-2020-q2-update.win32_1.5.0.202011040924/tools/bin/../lib/gcc/arm-none-eabi/9.3.1/thumb/v7e-m+fp/hard\libgcc.a(_dvmd_tls.o)
 .ARM.attributes
                0x00000000000003ef       0x1e c:/st/stm32cubeide_1.6.0/stm32cubeide/plugins/com.st.stm32cube.ide.mcu.externaltools.gnu-tools-for-stm32.9-2020-q2-update.win32_1.5.0.202011040924/tools/bin/../lib/gcc/arm-none-eabi/9.3.1/thumb/v7e-m+fp/hard/crtn.o
OUTPUT(MQTT-Crytography.elf elf32-littlearm)
LOAD linker stubs
LOAD c:/st/stm32cubeide_1.6.0/stm32cubeide/plugins/com.st.stm32cube.ide.mcu.externaltools.gnu-tools-for-stm32.9-2020-q2-update.win32_1.5.0.202011040924/tools/bin/../lib/gcc/arm-none-eabi/9.3.1/../../../../arm-none-eabi/lib/thumb/v7e-m+fp/hard\libc.a
LOAD c:/st/stm32cubeide_1.6.0/stm32cubeide/plugins/com.st.stm32cube.ide.mcu.externaltools.gnu-tools-for-stm32.9-2020-q2-update.win32_1.5.0.202011040924/tools/bin/../lib/gcc/arm-none-eabi/9.3.1/../../../../arm-none-eabi/lib/thumb/v7e-m+fp/hard\libm.a
LOAD c:/st/stm32cubeide_1.6.0/stm32cubeide/plugins/com.st.stm32cube.ide.mcu.externaltools.gnu-tools-for-stm32.9-2020-q2-update.win32_1.5.0.202011040924/tools/bin/../lib/gcc/arm-none-eabi/9.3.1/thumb/v7e-m+fp/hard\libgcc.a

.debug_info     0x0000000000000000     0xbdd6
 .debug_info    0x0000000000000000     0x13d0 Core/Src/main.o
 .debug_info    0x00000000000013d0     0x109a Core/Src/stm32g4xx_hal_msp.o
 .debug_info    0x000000000000246a      0xa43 Core/Src/stm32g4xx_it.o
 .debug_info    0x0000000000002ead      0x757 Core/Src/system_stm32g4xx.o
 .debug_info    0x0000000000003604       0x22 Core/Startup/startup_stm32g474retx.o
 .debug_info    0x0000000000003626      0xd3c Drivers/STM32G4xx_HAL_Driver/Src/stm32g4xx_hal.o
 .debug_info    0x0000000000004362     0x1071 Drivers/STM32G4xx_HAL_Driver/Src/stm32g4xx_hal_cortex.o
 .debug_info    0x00000000000053d3      0xadd Drivers/STM32G4xx_HAL_Driver/Src/stm32g4xx_hal_dma.o
 .debug_info    0x0000000000005eb0      0xa3a Drivers/STM32G4xx_HAL_Driver/Src/stm32g4xx_hal_gpio.o
 .debug_info    0x00000000000068ea      0xb79 Drivers/STM32G4xx_HAL_Driver/Src/stm32g4xx_hal_pwr_ex.o
 .debug_info    0x0000000000007463      0xe04 Drivers/STM32G4xx_HAL_Driver/Src/stm32g4xx_hal_rcc.o
 .debug_info    0x0000000000008267      0xed3 Drivers/STM32G4xx_HAL_Driver/Src/stm32g4xx_hal_rcc_ex.o
 .debug_info    0x000000000000913a     0x1dae Drivers/STM32G4xx_HAL_Driver/Src/stm32g4xx_hal_uart.o
 .debug_info    0x000000000000aee8      0xeee Drivers/STM32G4xx_HAL_Driver/Src/stm32g4xx_hal_uart_ex.o

.debug_abbrev   0x0000000000000000     0x1b32
 .debug_abbrev  0x0000000000000000      0x23a Core/Src/main.o
 .debug_abbrev  0x000000000000023a      0x1b5 Core/Src/stm32g4xx_hal_msp.o
 .debug_abbrev  0x00000000000003ef      0x163 Core/Src/stm32g4xx_it.o
 .debug_abbrev  0x0000000000000552      0x165 Core/Src/system_stm32g4xx.o
 .debug_abbrev  0x00000000000006b7       0x12 Core/Startup/startup_stm32g474retx.o
 .debug_abbrev  0x00000000000006c9      0x227 Drivers/STM32G4xx_HAL_Driver/Src/stm32g4xx_hal.o
 .debug_abbrev  0x00000000000008f0      0x333 Drivers/STM32G4xx_HAL_Driver/Src/stm32g4xx_hal_cortex.o
 .debug_abbrev  0x0000000000000c23      0x201 Drivers/STM32G4xx_HAL_Driver/Src/stm32g4xx_hal_dma.o
 .debug_abbrev  0x0000000000000e24      0x1e8 Drivers/STM32G4xx_HAL_Driver/Src/stm32g4xx_hal_gpio.o
 .debug_abbrev  0x000000000000100c      0x229 Drivers/STM32G4xx_HAL_Driver/Src/stm32g4xx_hal_pwr_ex.o
 .debug_abbrev  0x0000000000001235      0x275 Drivers/STM32G4xx_HAL_Driver/Src/stm32g4xx_hal_rcc.o
 .debug_abbrev  0x00000000000014aa      0x230 Drivers/STM32G4xx_HAL_Driver/Src/stm32g4xx_hal_rcc_ex.o
 .debug_abbrev  0x00000000000016da      0x24e Drivers/STM32G4xx_HAL_Driver/Src/stm32g4xx_hal_uart.o
 .debug_abbrev  0x0000000000001928      0x20a Drivers/STM32G4xx_HAL_Driver/Src/stm32g4xx_hal_uart_ex.o

.debug_aranges  0x0000000000000000      0x9e8
 .debug_aranges
                0x0000000000000000       0x50 Core/Src/main.o
 .debug_aranges
                0x0000000000000050       0x30 Core/Src/stm32g4xx_hal_msp.o
 .debug_aranges
                0x0000000000000080       0x78 Core/Src/stm32g4xx_it.o
 .debug_aranges
                0x00000000000000f8       0x28 Core/Src/system_stm32g4xx.o
 .debug_aranges
                0x0000000000000120       0x28 Core/Startup/startup_stm32g474retx.o
 .debug_aranges
                0x0000000000000148      0x130 Drivers/STM32G4xx_HAL_Driver/Src/stm32g4xx_hal.o
 .debug_aranges
                0x0000000000000278      0x118 Drivers/STM32G4xx_HAL_Driver/Src/stm32g4xx_hal_cortex.o
 .debug_aranges
                0x0000000000000390       0x90 Drivers/STM32G4xx_HAL_Driver/Src/stm32g4xx_hal_dma.o
 .debug_aranges
                0x0000000000000420       0x58 Drivers/STM32G4xx_HAL_Driver/Src/stm32g4xx_hal_gpio.o
 .debug_aranges
                0x0000000000000478      0x140 Drivers/STM32G4xx_HAL_Driver/Src/stm32g4xx_hal_pwr_ex.o
 .debug_aranges
                0x00000000000005b8       0x98 Drivers/STM32G4xx_HAL_Driver/Src/stm32g4xx_hal_rcc.o
 .debug_aranges
                0x0000000000000650       0xb0 Drivers/STM32G4xx_HAL_Driver/Src/stm32g4xx_hal_rcc_ex.o
 .debug_aranges
                0x0000000000000700      0x248 Drivers/STM32G4xx_HAL_Driver/Src/stm32g4xx_hal_uart.o
 .debug_aranges
                0x0000000000000948       0xa0 Drivers/STM32G4xx_HAL_Driver/Src/stm32g4xx_hal_uart_ex.o

.debug_ranges   0x0000000000000000      0x940
 .debug_ranges  0x0000000000000000       0x40 Core/Src/main.o
 .debug_ranges  0x0000000000000040       0x20 Core/Src/stm32g4xx_hal_msp.o
 .debug_ranges  0x0000000000000060       0x68 Core/Src/stm32g4xx_it.o
 .debug_ranges  0x00000000000000c8       0x18 Core/Src/system_stm32g4xx.o
 .debug_ranges  0x00000000000000e0       0x20 Core/Startup/startup_stm32g474retx.o
 .debug_ranges  0x0000000000000100      0x120 Drivers/STM32G4xx_HAL_Driver/Src/stm32g4xx_hal.o
 .debug_ranges  0x0000000000000220      0x108 Drivers/STM32G4xx_HAL_Driver/Src/stm32g4xx_hal_cortex.o
 .debug_ranges  0x0000000000000328       0x80 Drivers/STM32G4xx_HAL_Driver/Src/stm32g4xx_hal_dma.o
 .debug_ranges  0x00000000000003a8       0x48 Drivers/STM32G4xx_HAL_Driver/Src/stm32g4xx_hal_gpio.o
 .debug_ranges  0x00000000000003f0      0x130 Drivers/STM32G4xx_HAL_Driver/Src/stm32g4xx_hal_pwr_ex.o
 .debug_ranges  0x0000000000000520       0x88 Drivers/STM32G4xx_HAL_Driver/Src/stm32g4xx_hal_rcc.o
 .debug_ranges  0x00000000000005a8       0xa0 Drivers/STM32G4xx_HAL_Driver/Src/stm32g4xx_hal_rcc_ex.o
 .debug_ranges  0x0000000000000648      0x268 Drivers/STM32G4xx_HAL_Driver/Src/stm32g4xx_hal_uart.o
 .debug_ranges  0x00000000000008b0       0x90 Drivers/STM32G4xx_HAL_Driver/Src/stm32g4xx_hal_uart_ex.o

.debug_macro    0x0000000000000000    0x239a3
 .debug_macro   0x0000000000000000      0x1c9 Core/Src/main.o
 .debug_macro   0x00000000000001c9      0xaa8 Core/Src/main.o
 .debug_macro   0x0000000000000c71      0x155 Core/Src/main.o
 .debug_macro   0x0000000000000dc6       0x2e Core/Src/main.o
 .debug_macro   0x0000000000000df4       0x28 Core/Src/main.o
 .debug_macro   0x0000000000000e1c       0x22 Core/Src/main.o
 .debug_macro   0x0000000000000e3e       0x8e Core/Src/main.o
 .debug_macro   0x0000000000000ecc       0x51 Core/Src/main.o
 .debug_macro   0x0000000000000f1d      0x103 Core/Src/main.o
 .debug_macro   0x0000000000001020       0x6a Core/Src/main.o
 .debug_macro   0x000000000000108a      0x1df Core/Src/main.o
 .debug_macro   0x0000000000001269       0x1c Core/Src/main.o
 .debug_macro   0x0000000000001285       0x22 Core/Src/main.o
 .debug_macro   0x00000000000012a7      0x101 Core/Src/main.o
 .debug_macro   0x00000000000013a8     0x1011 Core/Src/main.o
 .debug_macro   0x00000000000023b9      0x11f Core/Src/main.o
 .debug_macro   0x00000000000024d8    0x18596 Core/Src/main.o
 .debug_macro   0x000000000001aa6e       0x43 Core/Src/main.o
 .debug_macro   0x000000000001aab1     0x34f4 Core/Src/main.o
 .debug_macro   0x000000000001dfa5      0x174 Core/Src/main.o
 .debug_macro   0x000000000001e119       0x5c Core/Src/main.o
 .debug_macro   0x000000000001e175     0x16e0 Core/Src/main.o
 .debug_macro   0x000000000001f855      0x600 Core/Src/main.o
 .debug_macro   0x000000000001fe55      0x137 Core/Src/main.o
 .debug_macro   0x000000000001ff8c      0x34b Core/Src/main.o
 .debug_macro   0x00000000000202d7      0x53c Core/Src/main.o
 .debug_macro   0x0000000000020813      0x18b Core/Src/main.o
 .debug_macro   0x000000000002099e       0x43 Core/Src/main.o
 .debug_macro   0x00000000000209e1      0x23d Core/Src/main.o
 .debug_macro   0x0000000000020c1e      0x212 Core/Src/main.o
 .debug_macro   0x0000000000020e30      0x45c Core/Src/main.o
 .debug_macro   0x000000000002128c      0x11c Core/Src/main.o
 .debug_macro   0x00000000000213a8      0x122 Core/Src/main.o
 .debug_macro   0x00000000000214ca      0x3d1 Core/Src/main.o
 .debug_macro   0x000000000002189b      0x67e Core/Src/main.o
 .debug_macro   0x0000000000021f19       0xa6 Core/Src/main.o
 .debug_macro   0x0000000000021fbf      0x359 Core/Src/main.o
 .debug_macro   0x0000000000022318       0x5e Core/Src/main.o
 .debug_macro   0x0000000000022376      0x1c9 Core/Src/stm32g4xx_hal_msp.o
 .debug_macro   0x000000000002253f      0x1d3 Core/Src/stm32g4xx_it.o
 .debug_macro   0x0000000000022712      0x1ba Core/Src/system_stm32g4xx.o
 .debug_macro   0x00000000000228cc      0x208 Drivers/STM32G4xx_HAL_Driver/Src/stm32g4xx_hal.o
 .debug_macro   0x0000000000022ad4      0x1ba Drivers/STM32G4xx_HAL_Driver/Src/stm32g4xx_hal_cortex.o
 .debug_macro   0x0000000000022c8e      0x1ba Drivers/STM32G4xx_HAL_Driver/Src/stm32g4xx_hal_dma.o
 .debug_macro   0x0000000000022e48      0x1f2 Drivers/STM32G4xx_HAL_Driver/Src/stm32g4xx_hal_gpio.o
 .debug_macro   0x000000000002303a      0x1e4 Drivers/STM32G4xx_HAL_Driver/Src/stm32g4xx_hal_pwr_ex.o
 .debug_macro   0x000000000002321e      0x1f6 Drivers/STM32G4xx_HAL_Driver/Src/stm32g4xx_hal_rcc.o
 .debug_macro   0x0000000000023414      0x1e4 Drivers/STM32G4xx_HAL_Driver/Src/stm32g4xx_hal_rcc_ex.o
 .debug_macro   0x00000000000235f8      0x1e5 Drivers/STM32G4xx_HAL_Driver/Src/stm32g4xx_hal_uart.o
 .debug_macro   0x00000000000237dd      0x1c6 Drivers/STM32G4xx_HAL_Driver/Src/stm32g4xx_hal_uart_ex.o

.debug_line     0x0000000000000000     0xa85e
 .debug_line    0x0000000000000000      0x83a Core/Src/main.o
 .debug_line    0x000000000000083a      0x759 Core/Src/stm32g4xx_hal_msp.o
 .debug_line    0x0000000000000f93      0x7bb Core/Src/stm32g4xx_it.o
 .debug_line    0x000000000000174e      0x71a Core/Src/system_stm32g4xx.o
 .debug_line    0x0000000000001e68       0x89 Core/Startup/startup_stm32g474retx.o
 .debug_line    0x0000000000001ef1      0xa91 Drivers/STM32G4xx_HAL_Driver/Src/stm32g4xx_hal.o
 .debug_line    0x0000000000002982      0xc44 Drivers/STM32G4xx_HAL_Driver/Src/stm32g4xx_hal_cortex.o
 .debug_line    0x00000000000035c6      0xdfd Drivers/STM32G4xx_HAL_Driver/Src/stm32g4xx_hal_dma.o
 .debug_line    0x00000000000043c3      0xade Drivers/STM32G4xx_HAL_Driver/Src/stm32g4xx_hal_gpio.o
 .debug_line    0x0000000000004ea1      0xc3c Drivers/STM32G4xx_HAL_Driver/Src/stm32g4xx_hal_pwr_ex.o
 .debug_line    0x0000000000005add      0xe91 Drivers/STM32G4xx_HAL_Driver/Src/stm32g4xx_hal_rcc.o
 .debug_line    0x000000000000696e     0x11b4 Drivers/STM32G4xx_HAL_Driver/Src/stm32g4xx_hal_rcc_ex.o
 .debug_line    0x0000000000007b22     0x20f0 Drivers/STM32G4xx_HAL_Driver/Src/stm32g4xx_hal_uart.o
 .debug_line    0x0000000000009c12      0xc4c Drivers/STM32G4xx_HAL_Driver/Src/stm32g4xx_hal_uart_ex.o

.debug_str      0x0000000000000000    0xe2cb2
 .debug_str     0x0000000000000000    0xe036e Core/Src/main.o
                                      0xe069c (size before relaxing)
 .debug_str     0x00000000000e036e       0x56 Core/Src/stm32g4xx_hal_msp.o
                                      0xe035a (size before relaxing)
 .debug_str     0x00000000000e03c4       0xfd Core/Src/stm32g4xx_it.o
                                      0xdfbf9 (size before relaxing)
 .debug_str     0x00000000000e04c1       0xaf Core/Src/system_stm32g4xx.o
                                      0xdf699 (size before relaxing)
 .debug_str     0x00000000000e0570       0x36 Core/Startup/startup_stm32g474retx.o
                                         0x7f (size before relaxing)
 .debug_str     0x00000000000e05a6      0x59b Drivers/STM32G4xx_HAL_Driver/Src/stm32g4xx_hal.o
                                      0xe0341 (size before relaxing)
 .debug_str     0x00000000000e0b41      0x389 Drivers/STM32G4xx_HAL_Driver/Src/stm32g4xx_hal_cortex.o
                                      0xe0049 (size before relaxing)
 .debug_str     0x00000000000e0eca      0x2d3 Drivers/STM32G4xx_HAL_Driver/Src/stm32g4xx_hal_dma.o
                                      0xdfa6e (size before relaxing)
 .debug_str     0x00000000000e119d      0x21c Drivers/STM32G4xx_HAL_Driver/Src/stm32g4xx_hal_gpio.o
                                      0xdf909 (size before relaxing)
 .debug_str     0x00000000000e13b9      0x4d2 Drivers/STM32G4xx_HAL_Driver/Src/stm32g4xx_hal_pwr_ex.o
                                      0xdfb8f (size before relaxing)
 .debug_str     0x00000000000e188b      0x3d1 Drivers/STM32G4xx_HAL_Driver/Src/stm32g4xx_hal_rcc.o
                                      0xdfc3b (size before relaxing)
 .debug_str     0x00000000000e1c5c      0x3fb Drivers/STM32G4xx_HAL_Driver/Src/stm32g4xx_hal_rcc_ex.o
                                      0xdfd7d (size before relaxing)
 .debug_str     0x00000000000e2057      0x976 Drivers/STM32G4xx_HAL_Driver/Src/stm32g4xx_hal_uart.o
                                      0xe04ec (size before relaxing)
 .debug_str     0x00000000000e29cd      0x2e5 Drivers/STM32G4xx_HAL_Driver/Src/stm32g4xx_hal_uart_ex.o
                                      0xdfd1b (size before relaxing)

.comment        0x0000000000000000       0x53
 .comment       0x0000000000000000       0x53 Core/Src/main.o
                                         0x54 (size before relaxing)
 .comment       0x0000000000000053       0x54 Core/Src/stm32g4xx_hal_msp.o
 .comment       0x0000000000000053       0x54 Core/Src/stm32g4xx_it.o
 .comment       0x0000000000000053       0x54 Core/Src/system_stm32g4xx.o
 .comment       0x0000000000000053       0x54 Drivers/STM32G4xx_HAL_Driver/Src/stm32g4xx_hal.o
 .comment       0x0000000000000053       0x54 Drivers/STM32G4xx_HAL_Driver/Src/stm32g4xx_hal_cortex.o
 .comment       0x0000000000000053       0x54 Drivers/STM32G4xx_HAL_Driver/Src/stm32g4xx_hal_dma.o
 .comment       0x0000000000000053       0x54 Drivers/STM32G4xx_HAL_Driver/Src/stm32g4xx_hal_gpio.o
 .comment       0x0000000000000053       0x54 Drivers/STM32G4xx_HAL_Driver/Src/stm32g4xx_hal_pwr_ex.o
 .comment       0x0000000000000053       0x54 Drivers/STM32G4xx_HAL_Driver/Src/stm32g4xx_hal_rcc.o
 .comment       0x0000000000000053       0x54 Drivers/STM32G4xx_HAL_Driver/Src/stm32g4xx_hal_rcc_ex.o
 .comment       0x0000000000000053       0x54 Drivers/STM32G4xx_HAL_Driver/Src/stm32g4xx_hal_uart.o
 .comment       0x0000000000000053       0x54 Drivers/STM32G4xx_HAL_Driver/Src/stm32g4xx_hal_uart_ex.o

.debug_frame    0x0000000000000000     0x2790
 .debug_frame   0x0000000000000000       0xec Core/Src/main.o
 .debug_frame   0x00000000000000ec       0x7c Core/Src/stm32g4xx_hal_msp.o
 .debug_frame   0x0000000000000168      0x158 Core/Src/stm32g4xx_it.o
 .debug_frame   0x00000000000002c0       0x58 Core/Src/system_stm32g4xx.o
 .debug_frame   0x0000000000000318      0x4a0 Drivers/STM32G4xx_HAL_Driver/Src/stm32g4xx_hal.o
 .debug_frame   0x00000000000007b8      0x498 Drivers/STM32G4xx_HAL_Driver/Src/stm32g4xx_hal_cortex.o
 .debug_frame   0x0000000000000c50      0x24c Drivers/STM32G4xx_HAL_Driver/Src/stm32g4xx_hal_dma.o
 .debug_frame   0x0000000000000e9c      0x14c Drivers/STM32G4xx_HAL_Driver/Src/stm32g4xx_hal_gpio.o
 .debug_frame   0x0000000000000fe8      0x4fc Drivers/STM32G4xx_HAL_Driver/Src/stm32g4xx_hal_pwr_ex.o
 .debug_frame   0x00000000000014e4      0x23c Drivers/STM32G4xx_HAL_Driver/Src/stm32g4xx_hal_rcc.o
 .debug_frame   0x0000000000001720      0x2ac Drivers/STM32G4xx_HAL_Driver/Src/stm32g4xx_hal_rcc_ex.o
 .debug_frame   0x00000000000019cc      0xa7c Drivers/STM32G4xx_HAL_Driver/Src/stm32g4xx_hal_uart.o
 .debug_frame   0x0000000000002448      0x29c Drivers/STM32G4xx_HAL_Driver/Src/stm32g4xx_hal_uart_ex.o
 .debug_frame   0x00000000000026e4       0x2c c:/st/stm32cubeide_1.6.0/stm32cubeide/plugins/com.st.stm32cube.ide.mcu.externaltools.gnu-tools-for-stm32.9-2020-q2-update.win32_1.5.0.202011040924/tools/bin/../lib/gcc/arm-none-eabi/9.3.1/../../../../arm-none-eabi/lib/thumb/v7e-m+fp/hard\libc_nano.a(lib_a-init.o)
 .debug_frame   0x0000000000002710       0x20 c:/st/stm32cubeide_1.6.0/stm32cubeide/plugins/com.st.stm32cube.ide.mcu.externaltools.gnu-tools-for-stm32.9-2020-q2-update.win32_1.5.0.202011040924/tools/bin/../lib/gcc/arm-none-eabi/9.3.1/../../../../arm-none-eabi/lib/thumb/v7e-m+fp/hard\libc_nano.a(lib_a-memset.o)
 .debug_frame   0x0000000000002730       0x2c c:/st/stm32cubeide_1.6.0/stm32cubeide/plugins/com.st.stm32cube.ide.mcu.externaltools.gnu-tools-for-stm32.9-2020-q2-update.win32_1.5.0.202011040924/tools/bin/../lib/gcc/arm-none-eabi/9.3.1/thumb/v7e-m+fp/hard\libgcc.a(_aeabi_uldivmod.o)
 .debug_frame   0x000000000000275c       0x34 c:/st/stm32cubeide_1.6.0/stm32cubeide/plugins/com.st.stm32cube.ide.mcu.externaltools.gnu-tools-for-stm32.9-2020-q2-update.win32_1.5.0.202011040924/tools/bin/../lib/gcc/arm-none-eabi/9.3.1/thumb/v7e-m+fp/hard\libgcc.a(_udivmoddi4.o)
